{"start_time":1305931688929,"one_sec_start":1305931698000,"one_sec_pkt_ct":20,"sent":175,"received":168,"in_progress":7,"errors":0,"sessions":9,"total_sessions_started":46,"total_sessions_completed":37,"total_sessions_error":0,"queued":2,"min_latency":18,"max_latency":1823}

{"start_time":1305931688929,"one_sec_start":1305931708097,"one_sec_pkt_ct":17,"sent":347,"received":341,"in_progress":6,"errors":0,"sessions":6,"total_sessions_started":89,"total_sessions_completed":83,"total_sessions_error":0,"queued":0,"min_latency":18,"max_latency":2341}

{"start_time":1305931688929,"one_sec_start":1305931717862,"one_sec_pkt_ct":20,"sent":508,"received":503,"in_progress":5,"errors":0,"sessions":7,"total_sessions_started":138,"total_sessions_completed":131,"total_sessions_error":0,"queued":2,"min_latency":17,"max_latency":2341}

