{"start_time":1305929756166,"one_sec_start":1305929765134,"one_sec_pkt_ct":20,"sent":160,"received":150,"in_progress":10,"errors":0,"sessions":12,"total_sessions_started":52,"total_sessions_completed":40,"total_sessions_error":0,"queued":2,"min_latency":18,"max_latency":3841}

{"start_time":1305929756166,"one_sec_start":1305929775387,"one_sec_pkt_ct":16,"sent":335,"received":328,"in_progress":7,"errors":0,"sessions":7,"total_sessions_started":98,"total_sessions_completed":91,"total_sessions_error":0,"queued":0,"min_latency":18,"max_latency":9345}

{"start_time":1305929756166,"one_sec_start":1305929785205,"one_sec_pkt_ct":14,"sent":493,"received":487,"in_progress":6,"errors":0,"sessions":6,"total_sessions_started":135,"total_sessions_completed":129,"total_sessions_error":0,"queued":0,"min_latency":18,"max_latency":9345}

{"start_time":1305929756166,"one_sec_start":1305929795447,"one_sec_pkt_ct":20,"sent":668,"received":660,"in_progress":8,"errors":0,"sessions":9,"total_sessions_started":181,"total_sessions_completed":172,"total_sessions_error":0,"queued":1,"min_latency":18,"max_latency":9345}

{"start_time":1305929756166,"one_sec_start":1305929805872,"one_sec_pkt_ct":13,"sent":817,"received":814,"in_progress":3,"errors":0,"sessions":5,"total_sessions_started":217,"total_sessions_completed":212,"total_sessions_error":0,"queued":2,"min_latency":18,"max_latency":9345}

{"start_time":1305929756166,"one_sec_start":1305929815692,"one_sec_pkt_ct":12,"sent":990,"received":990,"in_progress":0,"errors":0,"sessions":2,"total_sessions_started":262,"total_sessions_completed":260,"total_sessions_error":0,"queued":2,"min_latency":18,"max_latency":9345}

{"start_time":1305929756166,"one_sec_start":1305929825535,"one_sec_pkt_ct":16,"sent":1134,"received":1132,"in_progress":2,"errors":0,"sessions":4,"total_sessions_started":302,"total_sessions_completed":298,"total_sessions_error":0,"queued":2,"min_latency":17,"max_latency":9345}

{"start_time":1305929756166,"one_sec_start":1305929835841,"one_sec_pkt_ct":3,"sent":1292,"received":1287,"in_progress":5,"errors":0,"sessions":8,"total_sessions_started":345,"total_sessions_completed":337,"total_sessions_error":0,"queued":3,"min_latency":17,"max_latency":9345}

{"start_time":1305929756166,"one_sec_start":1305929845450,"one_sec_pkt_ct":20,"sent":1449,"received":1445,"in_progress":4,"errors":0,"sessions":5,"total_sessions_started":381,"total_sessions_completed":376,"total_sessions_error":0,"queued":1,"min_latency":17,"max_latency":9345}

{"start_time":1305929756166,"one_sec_start":1305929855450,"one_sec_pkt_ct":20,"sent":1609,"received":1597,"in_progress":12,"errors":0,"sessions":13,"total_sessions_started":425,"total_sessions_completed":412,"total_sessions_error":0,"queued":1,"min_latency":17,"max_latency":9345}

{"start_time":1305929756166,"one_sec_start":1305929865237,"one_sec_pkt_ct":20,"sent":1769,"received":1761,"in_progress":8,"errors":0,"sessions":10,"total_sessions_started":464,"total_sessions_completed":454,"total_sessions_error":0,"queued":2,"min_latency":17,"max_latency":9345}

{"start_time":1305929756166,"one_sec_start":1305929875505,"one_sec_pkt_ct":19,"sent":1942,"received":1935,"in_progress":7,"errors":0,"sessions":7,"total_sessions_started":504,"total_sessions_completed":497,"total_sessions_error":0,"queued":0,"min_latency":17,"max_latency":9345}

{"start_time":1305929756166,"one_sec_start":1305929885948,"one_sec_pkt_ct":9,"sent":2111,"received":2100,"in_progress":11,"errors":0,"sessions":11,"total_sessions_started":551,"total_sessions_completed":540,"total_sessions_error":0,"queued":0,"min_latency":17,"max_latency":9345}

{"start_time":1305929756166,"one_sec_start":1305929896017,"one_sec_pkt_ct":5,"sent":2285,"received":2277,"in_progress":8,"errors":0,"sessions":11,"total_sessions_started":594,"total_sessions_completed":583,"total_sessions_error":0,"queued":2,"min_latency":17,"max_latency":9345}

{"start_time":1305929756166,"one_sec_start":1305929905764,"one_sec_pkt_ct":20,"sent":2459,"received":2442,"in_progress":17,"errors":0,"sessions":17,"total_sessions_started":640,"total_sessions_completed":623,"total_sessions_error":0,"queued":0,"min_latency":17,"max_latency":9345}

{"start_time":1305929756166,"one_sec_start":1305929915102,"one_sec_pkt_ct":20,"sent":2616,"received":2610,"in_progress":6,"errors":0,"sessions":12,"total_sessions_started":670,"total_sessions_completed":658,"total_sessions_error":0,"queued":6,"min_latency":17,"max_latency":9345}

{"start_time":1305929756166,"one_sec_start":1305929925942,"one_sec_pkt_ct":2,"sent":2758,"received":2753,"in_progress":5,"errors":0,"sessions":6,"total_sessions_started":705,"total_sessions_completed":699,"total_sessions_error":0,"queued":1,"min_latency":17,"max_latency":9345}

{"start_time":1305929756166,"one_sec_start":1305929935321,"one_sec_pkt_ct":18,"sent":2928,"received":2923,"in_progress":5,"errors":0,"sessions":5,"total_sessions_started":751,"total_sessions_completed":746,"total_sessions_error":0,"queued":0,"min_latency":17,"max_latency":9345}

{"start_time":1305929756166,"one_sec_start":1305929945534,"one_sec_pkt_ct":11,"sent":3101,"received":3099,"in_progress":2,"errors":0,"sessions":3,"total_sessions_started":791,"total_sessions_completed":788,"total_sessions_error":0,"queued":1,"min_latency":17,"max_latency":9345}

{"start_time":1305929756166,"one_sec_start":1305929955588,"one_sec_pkt_ct":14,"sent":3281,"received":3277,"in_progress":4,"errors":0,"sessions":4,"total_sessions_started":834,"total_sessions_completed":830,"total_sessions_error":0,"queued":0,"min_latency":17,"max_latency":9345}

{"start_time":1305929756166,"one_sec_start":1305929965588,"one_sec_pkt_ct":20,"sent":3454,"received":3442,"in_progress":12,"errors":0,"sessions":15,"total_sessions_started":889,"total_sessions_completed":874,"total_sessions_error":0,"queued":3,"min_latency":17,"max_latency":9345}

{"start_time":1305929756166,"one_sec_start":1305929975549,"one_sec_pkt_ct":12,"sent":3606,"received":3596,"in_progress":10,"errors":0,"sessions":12,"total_sessions_started":928,"total_sessions_completed":916,"total_sessions_error":0,"queued":2,"min_latency":17,"max_latency":9345}

{"start_time":1305929756166,"one_sec_start":1305929986043,"one_sec_pkt_ct":5,"sent":3772,"received":3764,"in_progress":8,"errors":0,"sessions":8,"total_sessions_started":968,"total_sessions_completed":960,"total_sessions_error":0,"queued":0,"min_latency":17,"max_latency":9345}

{"start_time":1305929756166,"one_sec_start":1305929995440,"one_sec_pkt_ct":20,"sent":3947,"received":3938,"in_progress":9,"errors":0,"sessions":12,"total_sessions_started":1008,"total_sessions_completed":996,"total_sessions_error":0,"queued":3,"min_latency":17,"max_latency":9345}

{"start_time":1305929756166,"one_sec_start":1305930004952,"one_sec_pkt_ct":20,"sent":4107,"received":4098,"in_progress":9,"errors":0,"sessions":11,"total_sessions_started":1049,"total_sessions_completed":1038,"total_sessions_error":0,"queued":2,"min_latency":17,"max_latency":9345}

{"start_time":1305929756166,"one_sec_start":1305930015733,"one_sec_pkt_ct":17,"sent":4274,"received":4261,"in_progress":13,"errors":0,"sessions":13,"total_sessions_started":1089,"total_sessions_completed":1076,"total_sessions_error":0,"queued":0,"min_latency":17,"max_latency":9345}

{"start_time":1305929756166,"one_sec_start":1305930025639,"one_sec_pkt_ct":20,"sent":4437,"received":4420,"in_progress":17,"errors":0,"sessions":17,"total_sessions_started":1136,"total_sessions_completed":1119,"total_sessions_error":0,"queued":0,"min_latency":17,"max_latency":9345}

{"start_time":1305929756166,"one_sec_start":1305930035164,"one_sec_pkt_ct":20,"sent":4610,"received":4594,"in_progress":16,"errors":0,"sessions":17,"total_sessions_started":1182,"total_sessions_completed":1165,"total_sessions_error":0,"queued":1,"min_latency":17,"max_latency":9345}

{"start_time":1305929756166,"one_sec_start":1305930045819,"one_sec_pkt_ct":16,"sent":4786,"received":4768,"in_progress":18,"errors":0,"sessions":18,"total_sessions_started":1221,"total_sessions_completed":1203,"total_sessions_error":0,"queued":0,"min_latency":17,"max_latency":23461}

{"start_time":1305929756166,"one_sec_start":1305930055262,"one_sec_pkt_ct":20,"sent":4957,"received":4942,"in_progress":15,"errors":0,"sessions":18,"total_sessions_started":1266,"total_sessions_completed":1248,"total_sessions_error":0,"queued":3,"min_latency":17,"max_latency":23461}

{"start_time":1305929756166,"one_sec_start":1305930065549,"one_sec_pkt_ct":9,"sent":5121,"received":5104,"in_progress":17,"errors":0,"sessions":20,"total_sessions_started":1308,"total_sessions_completed":1288,"total_sessions_error":0,"queued":3,"min_latency":17,"max_latency":23461}

{"start_time":1305929756166,"one_sec_start":1305930075166,"one_sec_pkt_ct":20,"sent":5299,"received":5266,"in_progress":33,"errors":0,"sessions":37,"total_sessions_started":1364,"total_sessions_completed":1327,"total_sessions_error":0,"queued":4,"min_latency":17,"max_latency":23461}

{"start_time":1305929756166,"one_sec_start":1305930085568,"one_sec_pkt_ct":9,"sent":5485,"received":5453,"in_progress":32,"errors":1,"sessions":36,"total_sessions_started":1407,"total_sessions_completed":1370,"total_sessions_error":1,"queued":4,"min_latency":17,"max_latency":60043}

{"start_time":1305929756166,"one_sec_start":1305930095607,"one_sec_pkt_ct":13,"sent":5667,"received":5655,"in_progress":12,"errors":2,"sessions":12,"total_sessions_started":1438,"total_sessions_completed":1424,"total_sessions_error":2,"queued":0,"min_latency":17,"max_latency":60094}

{"start_time":1305929756166,"one_sec_start":1305930105234,"one_sec_pkt_ct":18,"sent":5845,"received":5825,"in_progress":20,"errors":3,"sessions":20,"total_sessions_started":1488,"total_sessions_completed":1465,"total_sessions_error":3,"queued":0,"min_latency":17,"max_latency":61626}

{"start_time":1305929756166,"one_sec_start":1305930115136,"one_sec_pkt_ct":20,"sent":6014,"received":6001,"in_progress":13,"errors":3,"sessions":23,"total_sessions_started":1531,"total_sessions_completed":1505,"total_sessions_error":3,"queued":10,"min_latency":17,"max_latency":61626}

{"start_time":1305929756166,"one_sec_start":1305930125897,"one_sec_pkt_ct":3,"sent":6189,"received":6161,"in_progress":28,"errors":3,"sessions":31,"total_sessions_started":1575,"total_sessions_completed":1541,"total_sessions_error":3,"queued":3,"min_latency":17,"max_latency":61626}

{"start_time":1305929756166,"one_sec_start":1305930135324,"one_sec_pkt_ct":13,"sent":6354,"received":6334,"in_progress":20,"errors":3,"sessions":21,"total_sessions_started":1610,"total_sessions_completed":1586,"total_sessions_error":3,"queued":1,"min_latency":17,"max_latency":61626}

{"start_time":1305929756166,"one_sec_start":1305930145695,"one_sec_pkt_ct":5,"sent":6526,"received":6500,"in_progress":26,"errors":3,"sessions":32,"total_sessions_started":1659,"total_sessions_completed":1624,"total_sessions_error":3,"queued":6,"min_latency":17,"max_latency":61626}

{"start_time":1305929756166,"one_sec_start":1305930155738,"one_sec_pkt_ct":20,"sent":6717,"received":6698,"in_progress":19,"errors":3,"sessions":20,"total_sessions_started":1696,"total_sessions_completed":1673,"total_sessions_error":3,"queued":1,"min_latency":17,"max_latency":61626}

{"start_time":1305929756166,"one_sec_start":1305930165412,"one_sec_pkt_ct":20,"sent":6890,"received":6871,"in_progress":19,"errors":3,"sessions":24,"total_sessions_started":1743,"total_sessions_completed":1716,"total_sessions_error":3,"queued":5,"min_latency":17,"max_latency":61626}

{"start_time":1305929756166,"one_sec_start":1305930176153,"one_sec_pkt_ct":1,"sent":7065,"received":7039,"in_progress":26,"errors":3,"sessions":29,"total_sessions_started":1791,"total_sessions_completed":1759,"total_sessions_error":3,"queued":3,"min_latency":17,"max_latency":61626}

{"start_time":1305929756166,"one_sec_start":1305930185602,"one_sec_pkt_ct":19,"sent":7241,"received":7226,"in_progress":15,"errors":3,"sessions":16,"total_sessions_started":1818,"total_sessions_completed":1799,"total_sessions_error":3,"queued":1,"min_latency":17,"max_latency":61626}

{"start_time":1305929756166,"one_sec_start":1305930196123,"one_sec_pkt_ct":1,"sent":7415,"received":7391,"in_progress":24,"errors":3,"sessions":24,"total_sessions_started":1869,"total_sessions_completed":1842,"total_sessions_error":3,"queued":0,"min_latency":17,"max_latency":61626}

{"start_time":1305929756166,"one_sec_start":1305930205655,"one_sec_pkt_ct":4,"sent":7578,"received":7541,"in_progress":37,"errors":3,"sessions":39,"total_sessions_started":1923,"total_sessions_completed":1881,"total_sessions_error":3,"queued":2,"min_latency":17,"max_latency":61626}

{"start_time":1305929756166,"one_sec_start":1305930215897,"one_sec_pkt_ct":5,"sent":7760,"received":7728,"in_progress":32,"errors":3,"sessions":33,"total_sessions_started":1969,"total_sessions_completed":1933,"total_sessions_error":3,"queued":1,"min_latency":17,"max_latency":61626}

{"start_time":1305929756166,"one_sec_start":1305930225808,"one_sec_pkt_ct":8,"sent":7931,"received":7899,"in_progress":32,"errors":3,"sessions":37,"total_sessions_started":2009,"total_sessions_completed":1969,"total_sessions_error":3,"queued":5,"min_latency":17,"max_latency":61626}

{"start_time":1305929756166,"one_sec_start":1305930235276,"one_sec_pkt_ct":20,"sent":8106,"received":8066,"in_progress":40,"errors":14,"sessions":42,"total_sessions_started":2059,"total_sessions_completed":2003,"total_sessions_error":14,"queued":2,"min_latency":17,"max_latency":61626}

{"start_time":1305929756166,"one_sec_start":1305930245619,"one_sec_pkt_ct":17,"sent":8270,"received":8219,"in_progress":51,"errors":52,"sessions":51,"total_sessions_started":2136,"total_sessions_completed":2033,"total_sessions_error":52,"queued":0,"min_latency":17,"max_latency":61626}

{"start_time":1305929756166,"one_sec_start":1305930254679,"one_sec_pkt_ct":20,"sent":8413,"received":8352,"in_progress":61,"errors":79,"sessions":65,"total_sessions_started":2209,"total_sessions_completed":2065,"total_sessions_error":79,"queued":4,"min_latency":17,"max_latency":61626}

