{"start_time":1306035357619,"one_sec_start":1306035366910,"one_sec_pkt_ct":14,"sent":194,"received":0,"in_progress":194,"errors":0,"sessions":194,"total_sessions_started":194,"total_sessions_completed":0,"total_sessions_error":0,"queued":0,"min_latency":1000000000000,"max_latency":0}

{"start_time":1306035357619,"one_sec_start":1306035377233,"one_sec_pkt_ct":8,"sent":388,"received":0,"in_progress":388,"errors":0,"sessions":388,"total_sessions_started":388,"total_sessions_completed":0,"total_sessions_error":0,"queued":0,"min_latency":1000000000000,"max_latency":0}

{"start_time":1306035357619,"one_sec_start":1306035387441,"one_sec_pkt_ct":4,"sent":581,"received":0,"in_progress":581,"errors":0,"sessions":581,"total_sessions_started":581,"total_sessions_completed":0,"total_sessions_error":0,"queued":0,"min_latency":1000000000000,"max_latency":0}

{"start_time":1306035357619,"one_sec_start":1306035396673,"one_sec_pkt_ct":19,"sent":776,"received":0,"in_progress":776,"errors":0,"sessions":776,"total_sessions_started":776,"total_sessions_completed":0,"total_sessions_error":0,"queued":0,"min_latency":1000000000000,"max_latency":0}

{"start_time":1306035357619,"one_sec_start":1306035406940,"one_sec_pkt_ct":14,"sent":969,"received":0,"in_progress":969,"errors":0,"sessions":969,"total_sessions_started":969,"total_sessions_completed":0,"total_sessions_error":0,"queued":0,"min_latency":1000000000000,"max_latency":0}

{"start_time":1306035357619,"one_sec_start":1306035408994,"one_sec_pkt_ct":5,"sent":1000,"received":0,"in_progress":1000,"errors":0,"sessions":1000,"total_sessions_started":1000,"total_sessions_completed":0,"total_sessions_error":0,"queued":0,"min_latency":1000000000000,"max_latency":0}

{"start_time":1306035357619,"one_sec_start":1306035408994,"one_sec_pkt_ct":5,"sent":1000,"received":0,"in_progress":1000,"errors":0,"sessions":1000,"total_sessions_started":1000,"total_sessions_completed":0,"total_sessions_error":0,"queued":0,"min_latency":1000000000000,"max_latency":0}

{"start_time":1306035357619,"one_sec_start":1306035408994,"one_sec_pkt_ct":5,"sent":1000,"received":0,"in_progress":1000,"errors":0,"sessions":1000,"total_sessions_started":1000,"total_sessions_completed":0,"total_sessions_error":0,"queued":0,"min_latency":1000000000000,"max_latency":0}

{"start_time":1306035357619,"one_sec_start":1306035408994,"one_sec_pkt_ct":5,"sent":1000,"received":0,"in_progress":1000,"errors":0,"sessions":1000,"total_sessions_started":1000,"total_sessions_completed":0,"total_sessions_error":0,"queued":0,"min_latency":1000000000000,"max_latency":0}

{"start_time":1306035357619,"one_sec_start":1306035408994,"one_sec_pkt_ct":5,"sent":1000,"received":0,"in_progress":1000,"errors":0,"sessions":1000,"total_sessions_started":1000,"total_sessions_completed":0,"total_sessions_error":0,"queued":0,"min_latency":1000000000000,"max_latency":0}

{"start_time":1306035357619,"one_sec_start":1306035408994,"one_sec_pkt_ct":5,"sent":1000,"received":0,"in_progress":1000,"errors":0,"sessions":1000,"total_sessions_started":1000,"total_sessions_completed":0,"total_sessions_error":0,"queued":0,"min_latency":1000000000000,"max_latency":0}

{"start_time":1306035357619,"one_sec_start":1306035408994,"one_sec_pkt_ct":5,"sent":1000,"received":0,"in_progress":1000,"errors":0,"sessions":1000,"total_sessions_started":1000,"total_sessions_completed":0,"total_sessions_error":0,"queued":0,"min_latency":1000000000000,"max_latency":0}

{"start_time":1306035357619,"one_sec_start":1306035408994,"one_sec_pkt_ct":5,"sent":1000,"received":0,"in_progress":1000,"errors":0,"sessions":1000,"total_sessions_started":1000,"total_sessions_completed":0,"total_sessions_error":0,"queued":0,"min_latency":1000000000000,"max_latency":0}

{"start_time":1306035357619,"one_sec_start":1306035408994,"one_sec_pkt_ct":5,"sent":1000,"received":0,"in_progress":1000,"errors":0,"sessions":1000,"total_sessions_started":1000,"total_sessions_completed":0,"total_sessions_error":0,"queued":0,"min_latency":1000000000000,"max_latency":0}

{"start_time":1306035357619,"one_sec_start":1306035408994,"one_sec_pkt_ct":5,"sent":1000,"received":0,"in_progress":1000,"errors":0,"sessions":1000,"total_sessions_started":1000,"total_sessions_completed":0,"total_sessions_error":0,"queued":0,"min_latency":1000000000000,"max_latency":0}

{"start_time":1306035357619,"one_sec_start":1306035408994,"one_sec_pkt_ct":5,"sent":1000,"received":0,"in_progress":1000,"errors":0,"sessions":1000,"total_sessions_started":1000,"total_sessions_completed":0,"total_sessions_error":0,"queued":0,"min_latency":1000000000000,"max_latency":0}

{"start_time":1306035357619,"one_sec_start":1306035408994,"one_sec_pkt_ct":5,"sent":1000,"received":0,"in_progress":1000,"errors":0,"sessions":1000,"total_sessions_started":1000,"total_sessions_completed":0,"total_sessions_error":0,"queued":0,"min_latency":1000000000000,"max_latency":0}

{"start_time":1306035357619,"one_sec_start":1306035408994,"one_sec_pkt_ct":5,"sent":1000,"received":0,"in_progress":1000,"errors":0,"sessions":1000,"total_sessions_started":1000,"total_sessions_completed":0,"total_sessions_error":0,"queued":0,"min_latency":1000000000000,"max_latency":0}

