{"start_time":1306035592012,"one_sec_start":1306035601281,"one_sec_pkt_ct":15,"sent":194,"received":0,"in_progress":194,"errors":0,"sessions":194,"total_sessions_started":194,"total_sessions_completed":0,"total_sessions_error":0,"queued":0,"min_latency":1000000000000,"max_latency":0}

{"start_time":1306035592012,"one_sec_start":1306035611556,"one_sec_pkt_ct":9,"sent":387,"received":0,"in_progress":387,"errors":0,"sessions":387,"total_sessions_started":387,"total_sessions_completed":0,"total_sessions_error":0,"queued":0,"min_latency":1000000000000,"max_latency":0}

{"start_time":1306035592012,"one_sec_start":1306035621796,"one_sec_pkt_ct":5,"sent":581,"received":0,"in_progress":581,"errors":0,"sessions":581,"total_sessions_started":581,"total_sessions_completed":0,"total_sessions_error":0,"queued":0,"min_latency":1000000000000,"max_latency":0}

{"start_time":1306035592012,"one_sec_start":1306035631005,"one_sec_pkt_ct":20,"sent":775,"received":0,"in_progress":775,"errors":0,"sessions":775,"total_sessions_started":775,"total_sessions_completed":0,"total_sessions_error":0,"queued":0,"min_latency":1000000000000,"max_latency":0}

{"start_time":1306035592012,"one_sec_start":1306035641265,"one_sec_pkt_ct":15,"sent":969,"received":0,"in_progress":969,"errors":0,"sessions":969,"total_sessions_started":969,"total_sessions_completed":0,"total_sessions_error":0,"queued":0,"min_latency":1000000000000,"max_latency":0}

{"start_time":1306035592012,"one_sec_start":1306035643326,"one_sec_pkt_ct":7,"sent":1000,"received":0,"in_progress":1000,"errors":0,"sessions":1000,"total_sessions_started":1000,"total_sessions_completed":0,"total_sessions_error":0,"queued":0,"min_latency":1000000000000,"max_latency":0}

{"start_time":1306035592012,"one_sec_start":1306035643326,"one_sec_pkt_ct":7,"sent":1000,"received":0,"in_progress":1000,"errors":0,"sessions":1000,"total_sessions_started":1000,"total_sessions_completed":0,"total_sessions_error":0,"queued":0,"min_latency":1000000000000,"max_latency":0}

{"start_time":1306035592012,"one_sec_start":1306035643326,"one_sec_pkt_ct":7,"sent":1000,"received":0,"in_progress":1000,"errors":0,"sessions":1000,"total_sessions_started":1000,"total_sessions_completed":0,"total_sessions_error":0,"queued":0,"min_latency":1000000000000,"max_latency":0}

{"start_time":1306035592012,"one_sec_start":1306035643326,"one_sec_pkt_ct":7,"sent":1000,"received":0,"in_progress":1000,"errors":0,"sessions":1000,"total_sessions_started":1000,"total_sessions_completed":0,"total_sessions_error":0,"queued":0,"min_latency":1000000000000,"max_latency":0}

{"start_time":1306035592012,"one_sec_start":1306035643326,"one_sec_pkt_ct":7,"sent":1000,"received":0,"in_progress":1000,"errors":0,"sessions":1000,"total_sessions_started":1000,"total_sessions_completed":0,"total_sessions_error":0,"queued":0,"min_latency":1000000000000,"max_latency":0}

{"start_time":1306035592012,"one_sec_start":1306035643326,"one_sec_pkt_ct":7,"sent":1000,"received":0,"in_progress":1000,"errors":0,"sessions":1000,"total_sessions_started":1000,"total_sessions_completed":0,"total_sessions_error":0,"queued":0,"min_latency":1000000000000,"max_latency":0}

{"start_time":1306035592012,"one_sec_start":1306035643326,"one_sec_pkt_ct":7,"sent":1000,"received":0,"in_progress":1000,"errors":0,"sessions":1000,"total_sessions_started":1000,"total_sessions_completed":0,"total_sessions_error":0,"queued":0,"min_latency":1000000000000,"max_latency":0}

{"start_time":1306035592012,"one_sec_start":1306035643326,"one_sec_pkt_ct":7,"sent":1000,"received":0,"in_progress":1000,"errors":0,"sessions":1000,"total_sessions_started":1000,"total_sessions_completed":0,"total_sessions_error":0,"queued":0,"min_latency":1000000000000,"max_latency":0}

{"start_time":1306035592012,"one_sec_start":1306035643326,"one_sec_pkt_ct":7,"sent":1000,"received":0,"in_progress":1000,"errors":0,"sessions":1000,"total_sessions_started":1000,"total_sessions_completed":0,"total_sessions_error":0,"queued":0,"min_latency":1000000000000,"max_latency":0}

{"start_time":1306035592012,"one_sec_start":1306035643326,"one_sec_pkt_ct":7,"sent":1000,"received":0,"in_progress":1000,"errors":0,"sessions":1000,"total_sessions_started":1000,"total_sessions_completed":0,"total_sessions_error":0,"queued":0,"min_latency":1000000000000,"max_latency":0}

{"start_time":1306035592012,"one_sec_start":1306035643326,"one_sec_pkt_ct":7,"sent":1000,"received":0,"in_progress":1000,"errors":0,"sessions":1000,"total_sessions_started":1000,"total_sessions_completed":0,"total_sessions_error":0,"queued":0,"min_latency":1000000000000,"max_latency":0}

{"start_time":1306035592012,"one_sec_start":1306035643326,"one_sec_pkt_ct":7,"sent":1000,"received":0,"in_progress":1000,"errors":0,"sessions":1000,"total_sessions_started":1000,"total_sessions_completed":0,"total_sessions_error":0,"queued":0,"min_latency":1000000000000,"max_latency":0}

{"start_time":1306035592012,"one_sec_start":1306035643326,"one_sec_pkt_ct":7,"sent":1000,"received":0,"in_progress":1000,"errors":0,"sessions":1000,"total_sessions_started":1000,"total_sessions_completed":0,"total_sessions_error":0,"queued":0,"min_latency":1000000000000,"max_latency":0}

