{"start_time":1305932119449,"one_sec_start":1305932128005,"one_sec_pkt_ct":20,"sent":160,"received":135,"in_progress":25,"errors":15,"sessions":26,"total_sessions_started":43,"total_sessions_completed":17,"total_sessions_error":0,"queued":1,"min_latency":17,"max_latency":2367}

{"start_time":1305932119449,"one_sec_start":1305932138926,"one_sec_pkt_ct":20,"sent":320,"received":280,"in_progress":40,"errors":32,"sessions":41,"total_sessions_started":81,"total_sessions_completed":40,"total_sessions_error":0,"queued":1,"min_latency":17,"max_latency":3223}

{"start_time":1305932119449,"one_sec_start":1305932149399,"one_sec_pkt_ct":1,"sent":461,"received":414,"in_progress":47,"errors":45,"sessions":49,"total_sessions_started":117,"total_sessions_completed":68,"total_sessions_error":0,"queued":2,"min_latency":17,"max_latency":3223}

{"start_time":1305932119449,"one_sec_start":1305932159205,"one_sec_pkt_ct":11,"sent":631,"received":559,"in_progress":72,"errors":61,"sessions":72,"total_sessions_started":163,"total_sessions_completed":91,"total_sessions_error":0,"queued":0,"min_latency":17,"max_latency":3223}

