{"start_time":1305927159676,"one_sec_start":1305927168753,"one_sec_pkt_ct":20,"sent":160,"received":153,"in_progress":7,"errors":0,"sessions":9,"total_sessions_started":49,"total_sessions_completed":40,"total_sessions_error":0,"queued":2,"min_latency":17,"max_latency":2182}

{"start_time":1305927159676,"one_sec_start":1305927178939,"one_sec_pkt_ct":20,"sent":336,"received":336,"in_progress":0,"errors":0,"sessions":6,"total_sessions_started":86,"total_sessions_completed":80,"total_sessions_error":0,"queued":6,"min_latency":17,"max_latency":2672}

{"start_time":1305927159676,"one_sec_start":1305927189272,"one_sec_pkt_ct":10,"sent":495,"received":489,"in_progress":6,"errors":0,"sessions":9,"total_sessions_started":125,"total_sessions_completed":116,"total_sessions_error":0,"queued":3,"min_latency":17,"max_latency":2672}

{"start_time":1305927159676,"one_sec_start":1305927198916,"one_sec_pkt_ct":20,"sent":655,"received":648,"in_progress":7,"errors":0,"sessions":10,"total_sessions_started":167,"total_sessions_completed":157,"total_sessions_error":0,"queued":3,"min_latency":17,"max_latency":2672}

{"start_time":1305927159676,"one_sec_start":1305927208904,"one_sec_pkt_ct":3,"sent":818,"received":815,"in_progress":3,"errors":0,"sessions":4,"total_sessions_started":199,"total_sessions_completed":195,"total_sessions_error":0,"queued":1,"min_latency":17,"max_latency":2672}

{"start_time":1305927159676,"one_sec_start":1305927219019,"one_sec_pkt_ct":20,"sent":1006,"received":995,"in_progress":11,"errors":0,"sessions":17,"total_sessions_started":251,"total_sessions_completed":234,"total_sessions_error":0,"queued":6,"min_latency":17,"max_latency":4184}

{"start_time":1305927159676,"one_sec_start":1305927228733,"one_sec_pkt_ct":20,"sent":1174,"received":1166,"in_progress":8,"errors":0,"sessions":9,"total_sessions_started":286,"total_sessions_completed":277,"total_sessions_error":0,"queued":1,"min_latency":17,"max_latency":4184}

{"start_time":1305927159676,"one_sec_start":1305927239074,"one_sec_pkt_ct":16,"sent":1336,"received":1336,"in_progress":0,"errors":0,"sessions":1,"total_sessions_started":323,"total_sessions_completed":322,"total_sessions_error":0,"queued":1,"min_latency":17,"max_latency":4184}

{"start_time":1305927159676,"one_sec_start":1305927248942,"one_sec_pkt_ct":20,"sent":1500,"received":1493,"in_progress":7,"errors":0,"sessions":9,"total_sessions_started":368,"total_sessions_completed":359,"total_sessions_error":0,"queued":2,"min_latency":17,"max_latency":4184}

{"start_time":1305927159676,"one_sec_start":1305927259405,"one_sec_pkt_ct":18,"sent":1658,"received":1645,"in_progress":13,"errors":0,"sessions":13,"total_sessions_started":410,"total_sessions_completed":397,"total_sessions_error":0,"queued":0,"min_latency":17,"max_latency":4184}

{"start_time":1305927159676,"one_sec_start":1305927269410,"one_sec_pkt_ct":14,"sent":1814,"received":1800,"in_progress":14,"errors":0,"sessions":14,"total_sessions_started":450,"total_sessions_completed":436,"total_sessions_error":0,"queued":0,"min_latency":17,"max_latency":4184}

{"start_time":1305927159676,"one_sec_start":1305927278552,"one_sec_pkt_ct":20,"sent":1974,"received":1972,"in_progress":2,"errors":0,"sessions":11,"total_sessions_started":488,"total_sessions_completed":477,"total_sessions_error":0,"queued":9,"min_latency":17,"max_latency":4184}

{"start_time":1305927159676,"one_sec_start":1305927289583,"one_sec_pkt_ct":3,"sent":2136,"received":2127,"in_progress":9,"errors":0,"sessions":16,"total_sessions_started":534,"total_sessions_completed":518,"total_sessions_error":0,"queued":7,"min_latency":17,"max_latency":4184}

{"start_time":1305927159676,"one_sec_start":1305927298811,"one_sec_pkt_ct":20,"sent":2293,"received":2285,"in_progress":8,"errors":0,"sessions":13,"total_sessions_started":566,"total_sessions_completed":553,"total_sessions_error":0,"queued":5,"min_latency":17,"max_latency":4184}

{"start_time":1305927159676,"one_sec_start":1305927308628,"one_sec_pkt_ct":20,"sent":2458,"received":2455,"in_progress":3,"errors":0,"sessions":8,"total_sessions_started":609,"total_sessions_completed":601,"total_sessions_error":0,"queued":5,"min_latency":17,"max_latency":4184}

{"start_time":1305927159676,"one_sec_start":1305927318954,"one_sec_pkt_ct":20,"sent":2609,"received":2606,"in_progress":3,"errors":0,"sessions":6,"total_sessions_started":644,"total_sessions_completed":638,"total_sessions_error":0,"queued":3,"min_latency":17,"max_latency":4184}

{"start_time":1305927159676,"one_sec_start":1305927329462,"one_sec_pkt_ct":3,"sent":2749,"received":2745,"in_progress":4,"errors":0,"sessions":6,"total_sessions_started":684,"total_sessions_completed":678,"total_sessions_error":0,"queued":2,"min_latency":17,"max_latency":4997}

{"start_time":1305927159676,"one_sec_start":1305927338850,"one_sec_pkt_ct":20,"sent":2926,"received":2920,"in_progress":6,"errors":0,"sessions":7,"total_sessions_started":726,"total_sessions_completed":719,"total_sessions_error":0,"queued":1,"min_latency":17,"max_latency":4997}

{"start_time":1305927159676,"one_sec_start":1305927348778,"one_sec_pkt_ct":11,"sent":3077,"received":3071,"in_progress":6,"errors":0,"sessions":7,"total_sessions_started":758,"total_sessions_completed":751,"total_sessions_error":0,"queued":1,"min_latency":17,"max_latency":4997}

{"start_time":1305927159676,"one_sec_start":1305927359386,"one_sec_pkt_ct":11,"sent":3252,"received":3232,"in_progress":20,"errors":0,"sessions":20,"total_sessions_started":812,"total_sessions_completed":792,"total_sessions_error":0,"queued":0,"min_latency":17,"max_latency":4997}

{"start_time":1305927159676,"one_sec_start":1305927369578,"one_sec_pkt_ct":1,"sent":3402,"received":3395,"in_progress":7,"errors":0,"sessions":8,"total_sessions_started":839,"total_sessions_completed":831,"total_sessions_error":0,"queued":1,"min_latency":17,"max_latency":6824}

{"start_time":1305927159676,"one_sec_start":1305927378628,"one_sec_pkt_ct":20,"sent":3573,"received":3562,"in_progress":11,"errors":0,"sessions":15,"total_sessions_started":890,"total_sessions_completed":875,"total_sessions_error":0,"queued":4,"min_latency":17,"max_latency":6824}

{"start_time":1305927159676,"one_sec_start":1305927389571,"one_sec_pkt_ct":6,"sent":3739,"received":3728,"in_progress":11,"errors":0,"sessions":15,"total_sessions_started":929,"total_sessions_completed":914,"total_sessions_error":0,"queued":4,"min_latency":17,"max_latency":6824}

{"start_time":1305927159676,"one_sec_start":1305927399002,"one_sec_pkt_ct":20,"sent":3911,"received":3888,"in_progress":23,"errors":0,"sessions":28,"total_sessions_started":978,"total_sessions_completed":950,"total_sessions_error":0,"queued":5,"min_latency":17,"max_latency":6824}

{"start_time":1305927159676,"one_sec_start":1305927408793,"one_sec_pkt_ct":20,"sent":4071,"received":4054,"in_progress":17,"errors":0,"sessions":20,"total_sessions_started":1010,"total_sessions_completed":990,"total_sessions_error":0,"queued":3,"min_latency":17,"max_latency":6824}

{"start_time":1305927159676,"one_sec_start":1305927418701,"one_sec_pkt_ct":20,"sent":4227,"received":4226,"in_progress":1,"errors":0,"sessions":7,"total_sessions_started":1044,"total_sessions_completed":1037,"total_sessions_error":0,"queued":6,"min_latency":17,"max_latency":6824}

{"start_time":1305927159676,"one_sec_start":1305927429599,"one_sec_pkt_ct":4,"sent":4388,"received":4381,"in_progress":7,"errors":0,"sessions":7,"total_sessions_started":1083,"total_sessions_completed":1076,"total_sessions_error":0,"queued":0,"min_latency":17,"max_latency":6824}

{"start_time":1305927159676,"one_sec_start":1305927438945,"one_sec_pkt_ct":20,"sent":4578,"received":4564,"in_progress":14,"errors":0,"sessions":18,"total_sessions_started":1139,"total_sessions_completed":1121,"total_sessions_error":0,"queued":4,"min_latency":17,"max_latency":6824}

{"start_time":1305927159676,"one_sec_start":1305927448823,"one_sec_pkt_ct":15,"sent":4744,"received":4733,"in_progress":11,"errors":0,"sessions":11,"total_sessions_started":1173,"total_sessions_completed":1162,"total_sessions_error":0,"queued":0,"min_latency":17,"max_latency":6824}

{"start_time":1305927159676,"one_sec_start":1305927459270,"one_sec_pkt_ct":18,"sent":4912,"received":4897,"in_progress":15,"errors":0,"sessions":15,"total_sessions_started":1219,"total_sessions_completed":1204,"total_sessions_error":0,"queued":0,"min_latency":17,"max_latency":6824}

{"start_time":1305927159676,"one_sec_start":1305927468757,"one_sec_pkt_ct":13,"sent":5080,"received":5067,"in_progress":13,"errors":0,"sessions":13,"total_sessions_started":1260,"total_sessions_completed":1247,"total_sessions_error":0,"queued":0,"min_latency":17,"max_latency":6824}

{"start_time":1305927159676,"one_sec_start":1305927479095,"one_sec_pkt_ct":20,"sent":5278,"received":5260,"in_progress":18,"errors":0,"sessions":20,"total_sessions_started":1311,"total_sessions_completed":1291,"total_sessions_error":0,"queued":2,"min_latency":17,"max_latency":6824}

{"start_time":1305927159676,"one_sec_start":1305927489460,"one_sec_pkt_ct":8,"sent":5453,"received":5437,"in_progress":16,"errors":0,"sessions":16,"total_sessions_started":1352,"total_sessions_completed":1336,"total_sessions_error":0,"queued":0,"min_latency":17,"max_latency":6824}

{"start_time":1305927159676,"one_sec_start":1305927498587,"one_sec_pkt_ct":20,"sent":5616,"received":5605,"in_progress":11,"errors":0,"sessions":15,"total_sessions_started":1393,"total_sessions_completed":1378,"total_sessions_error":0,"queued":4,"min_latency":17,"max_latency":6824}

{"start_time":1305927159676,"one_sec_start":1305927508780,"one_sec_pkt_ct":19,"sent":5784,"received":5760,"in_progress":24,"errors":0,"sessions":24,"total_sessions_started":1444,"total_sessions_completed":1420,"total_sessions_error":0,"queued":0,"min_latency":17,"max_latency":6824}

{"start_time":1305927159676,"one_sec_start":1305927519124,"one_sec_pkt_ct":9,"sent":5948,"received":5924,"in_progress":24,"errors":0,"sessions":27,"total_sessions_started":1489,"total_sessions_completed":1462,"total_sessions_error":0,"queued":3,"min_latency":17,"max_latency":7028}

{"start_time":1305927159676,"one_sec_start":1305927529573,"one_sec_pkt_ct":6,"sent":6141,"received":6128,"in_progress":13,"errors":0,"sessions":13,"total_sessions_started":1526,"total_sessions_completed":1513,"total_sessions_error":0,"queued":0,"min_latency":17,"max_latency":7028}

{"start_time":1305927159676,"one_sec_start":1305927539013,"one_sec_pkt_ct":10,"sent":6309,"received":6290,"in_progress":19,"errors":0,"sessions":21,"total_sessions_started":1572,"total_sessions_completed":1551,"total_sessions_error":0,"queued":2,"min_latency":17,"max_latency":7028}

{"start_time":1305927159676,"one_sec_start":1305927549403,"one_sec_pkt_ct":12,"sent":6490,"received":6456,"in_progress":34,"errors":0,"sessions":34,"total_sessions_started":1623,"total_sessions_completed":1589,"total_sessions_error":0,"queued":0,"min_latency":17,"max_latency":7028}

{"start_time":1305927159676,"one_sec_start":1305927559608,"one_sec_pkt_ct":1,"sent":6661,"received":6648,"in_progress":13,"errors":0,"sessions":17,"total_sessions_started":1660,"total_sessions_completed":1643,"total_sessions_error":0,"queued":4,"min_latency":17,"max_latency":8695}

{"start_time":1305927159676,"one_sec_start":1305927569343,"one_sec_pkt_ct":11,"sent":6834,"received":6793,"in_progress":41,"errors":0,"sessions":41,"total_sessions_started":1710,"total_sessions_completed":1669,"total_sessions_error":0,"queued":0,"min_latency":17,"max_latency":8695}

{"start_time":1305927159676,"one_sec_start":1305927579553,"one_sec_pkt_ct":3,"sent":7002,"received":6954,"in_progress":48,"errors":0,"sessions":53,"total_sessions_started":1758,"total_sessions_completed":1705,"total_sessions_error":0,"queued":5,"min_latency":17,"max_latency":10090}

{"start_time":1305927159676,"one_sec_start":1305927589458,"one_sec_pkt_ct":10,"sent":7186,"received":7156,"in_progress":30,"errors":0,"sessions":35,"total_sessions_started":1790,"total_sessions_completed":1755,"total_sessions_error":0,"queued":5,"min_latency":17,"max_latency":14155}

{"start_time":1305927159676,"one_sec_start":1305927599014,"one_sec_pkt_ct":8,"sent":7349,"received":7332,"in_progress":17,"errors":0,"sessions":18,"total_sessions_started":1818,"total_sessions_completed":1800,"total_sessions_error":0,"queued":1,"min_latency":17,"max_latency":14155}

{"start_time":1305927159676,"one_sec_start":1305927608750,"one_sec_pkt_ct":19,"sent":7532,"received":7492,"in_progress":40,"errors":0,"sessions":40,"total_sessions_started":1870,"total_sessions_completed":1830,"total_sessions_error":0,"queued":0,"min_latency":17,"max_latency":14155}

{"start_time":1305927159676,"one_sec_start":1305927618644,"one_sec_pkt_ct":20,"sent":7706,"received":7653,"in_progress":53,"errors":0,"sessions":54,"total_sessions_started":1921,"total_sessions_completed":1867,"total_sessions_error":0,"queued":1,"min_latency":17,"max_latency":16206}

{"start_time":1305927159676,"one_sec_start":1305927629423,"one_sec_pkt_ct":3,"sent":7881,"received":7828,"in_progress":53,"errors":8,"sessions":55,"total_sessions_started":1963,"total_sessions_completed":1900,"total_sessions_error":8,"queued":2,"min_latency":17,"max_latency":16206}

