{"start_time":1305927709761,"one_sec_start":1305927718584,"one_sec_pkt_ct":20,"sent":160,"received":155,"in_progress":5,"errors":0,"sessions":6,"total_sessions_started":43,"total_sessions_completed":37,"total_sessions_error":0,"queued":1,"min_latency":20,"max_latency":2650}

{"start_time":1305927709761,"one_sec_start":1305927729046,"one_sec_pkt_ct":17,"sent":329,"received":327,"in_progress":2,"errors":0,"sessions":2,"total_sessions_started":85,"total_sessions_completed":83,"total_sessions_error":0,"queued":0,"min_latency":18,"max_latency":2650}

{"start_time":1305927709761,"one_sec_start":1305927739617,"one_sec_pkt_ct":1,"sent":492,"received":490,"in_progress":2,"errors":0,"sessions":7,"total_sessions_started":128,"total_sessions_completed":121,"total_sessions_error":0,"queued":4,"min_latency":18,"max_latency":2650}

{"start_time":1305927709761,"one_sec_start":1305927749178,"one_sec_pkt_ct":20,"sent":654,"received":645,"in_progress":9,"errors":0,"sessions":10,"total_sessions_started":176,"total_sessions_completed":166,"total_sessions_error":0,"queued":1,"min_latency":18,"max_latency":2650}

{"start_time":1305927709761,"one_sec_start":1305927759052,"one_sec_pkt_ct":15,"sent":809,"received":806,"in_progress":3,"errors":0,"sessions":4,"total_sessions_started":214,"total_sessions_completed":210,"total_sessions_error":0,"queued":1,"min_latency":18,"max_latency":3960}

{"start_time":1305927709761,"one_sec_start":1305927769427,"one_sec_pkt_ct":4,"sent":958,"received":953,"in_progress":5,"errors":0,"sessions":6,"total_sessions_started":251,"total_sessions_completed":245,"total_sessions_error":0,"queued":1,"min_latency":18,"max_latency":6118}

{"start_time":1305927709761,"one_sec_start":1305927779578,"one_sec_pkt_ct":3,"sent":1125,"received":1120,"in_progress":5,"errors":0,"sessions":7,"total_sessions_started":288,"total_sessions_completed":281,"total_sessions_error":0,"queued":2,"min_latency":18,"max_latency":10693}

{"start_time":1305927709761,"one_sec_start":1305927788892,"one_sec_pkt_ct":20,"sent":1302,"received":1298,"in_progress":4,"errors":0,"sessions":5,"total_sessions_started":334,"total_sessions_completed":329,"total_sessions_error":0,"queued":1,"min_latency":17,"max_latency":10693}

{"start_time":1305927709761,"one_sec_start":1305927798663,"one_sec_pkt_ct":20,"sent":1458,"received":1450,"in_progress":8,"errors":0,"sessions":12,"total_sessions_started":377,"total_sessions_completed":365,"total_sessions_error":0,"queued":4,"min_latency":17,"max_latency":10693}

{"start_time":1305927709761,"one_sec_start":1305927809577,"one_sec_pkt_ct":6,"sent":1624,"received":1612,"in_progress":12,"errors":0,"sessions":12,"total_sessions_started":416,"total_sessions_completed":404,"total_sessions_error":0,"queued":0,"min_latency":17,"max_latency":10693}

{"start_time":1305927709761,"one_sec_start":1305927819413,"one_sec_pkt_ct":13,"sent":1791,"received":1780,"in_progress":11,"errors":0,"sessions":11,"total_sessions_started":455,"total_sessions_completed":444,"total_sessions_error":0,"queued":0,"min_latency":17,"max_latency":10693}

{"start_time":1305927709761,"one_sec_start":1305927829254,"one_sec_pkt_ct":8,"sent":1962,"received":1953,"in_progress":9,"errors":0,"sessions":10,"total_sessions_started":496,"total_sessions_completed":486,"total_sessions_error":0,"queued":1,"min_latency":17,"max_latency":10693}

{"start_time":1305927709761,"one_sec_start":1305927839015,"one_sec_pkt_ct":20,"sent":2131,"received":2123,"in_progress":8,"errors":0,"sessions":9,"total_sessions_started":536,"total_sessions_completed":527,"total_sessions_error":0,"queued":1,"min_latency":17,"max_latency":10693}

{"start_time":1305927709761,"one_sec_start":1305927848616,"one_sec_pkt_ct":20,"sent":2291,"received":2289,"in_progress":2,"errors":0,"sessions":5,"total_sessions_started":576,"total_sessions_completed":571,"total_sessions_error":0,"queued":3,"min_latency":17,"max_latency":10693}

{"start_time":1305927709761,"one_sec_start":1305927859697,"one_sec_pkt_ct":1,"sent":2451,"received":2448,"in_progress":3,"errors":0,"sessions":9,"total_sessions_started":618,"total_sessions_completed":609,"total_sessions_error":0,"queued":6,"min_latency":17,"max_latency":10693}

{"start_time":1305927709761,"one_sec_start":1305927868508,"one_sec_pkt_ct":20,"sent":2618,"received":2609,"in_progress":9,"errors":0,"sessions":12,"total_sessions_started":663,"total_sessions_completed":651,"total_sessions_error":0,"queued":3,"min_latency":17,"max_latency":10693}

{"start_time":1305927709761,"one_sec_start":1305927878984,"one_sec_pkt_ct":13,"sent":2783,"received":2778,"in_progress":5,"errors":0,"sessions":5,"total_sessions_started":698,"total_sessions_completed":693,"total_sessions_error":0,"queued":0,"min_latency":17,"max_latency":10693}

{"start_time":1305927709761,"one_sec_start":1305927889297,"one_sec_pkt_ct":18,"sent":2965,"received":2947,"in_progress":18,"errors":0,"sessions":18,"total_sessions_started":751,"total_sessions_completed":733,"total_sessions_error":0,"queued":0,"min_latency":17,"max_latency":10693}

{"start_time":1305927709761,"one_sec_start":1305927899732,"one_sec_pkt_ct":1,"sent":3132,"received":3124,"in_progress":8,"errors":0,"sessions":8,"total_sessions_started":794,"total_sessions_completed":786,"total_sessions_error":0,"queued":0,"min_latency":17,"max_latency":10693}

{"start_time":1305927709761,"one_sec_start":1305927908756,"one_sec_pkt_ct":20,"sent":3303,"received":3294,"in_progress":9,"errors":0,"sessions":12,"total_sessions_started":838,"total_sessions_completed":826,"total_sessions_error":0,"queued":3,"min_latency":17,"max_latency":10693}

{"start_time":1305927709761,"one_sec_start":1305927919670,"one_sec_pkt_ct":3,"sent":3461,"received":3453,"in_progress":8,"errors":0,"sessions":10,"total_sessions_started":877,"total_sessions_completed":867,"total_sessions_error":0,"queued":2,"min_latency":17,"max_latency":10693}

{"start_time":1305927709761,"one_sec_start":1305927928949,"one_sec_pkt_ct":20,"sent":3638,"received":3636,"in_progress":2,"errors":0,"sessions":6,"total_sessions_started":915,"total_sessions_completed":909,"total_sessions_error":0,"queued":4,"min_latency":17,"max_latency":10693}

{"start_time":1305927709761,"one_sec_start":1305927939181,"one_sec_pkt_ct":8,"sent":3786,"received":3775,"in_progress":11,"errors":0,"sessions":11,"total_sessions_started":954,"total_sessions_completed":943,"total_sessions_error":0,"queued":0,"min_latency":17,"max_latency":10693}

{"start_time":1305927709761,"one_sec_start":1305927949688,"one_sec_pkt_ct":4,"sent":3959,"received":3951,"in_progress":8,"errors":0,"sessions":10,"total_sessions_started":997,"total_sessions_completed":987,"total_sessions_error":0,"queued":2,"min_latency":17,"max_latency":10693}

{"start_time":1305927709761,"one_sec_start":1305927959531,"one_sec_pkt_ct":10,"sent":4125,"received":4114,"in_progress":11,"errors":0,"sessions":11,"total_sessions_started":1040,"total_sessions_completed":1029,"total_sessions_error":0,"queued":0,"min_latency":17,"max_latency":10693}

{"start_time":1305927709761,"one_sec_start":1305927969368,"one_sec_pkt_ct":4,"sent":4279,"received":4270,"in_progress":9,"errors":0,"sessions":12,"total_sessions_started":1077,"total_sessions_completed":1065,"total_sessions_error":0,"queued":3,"min_latency":17,"max_latency":10693}

{"start_time":1305927709761,"one_sec_start":1305927979047,"one_sec_pkt_ct":16,"sent":4467,"received":4452,"in_progress":15,"errors":0,"sessions":18,"total_sessions_started":1123,"total_sessions_completed":1105,"total_sessions_error":0,"queued":3,"min_latency":17,"max_latency":10693}

{"start_time":1305927709761,"one_sec_start":1305927989579,"one_sec_pkt_ct":3,"sent":4627,"received":4620,"in_progress":7,"errors":0,"sessions":8,"total_sessions_started":1156,"total_sessions_completed":1148,"total_sessions_error":0,"queued":1,"min_latency":17,"max_latency":10693}

{"start_time":1305927709761,"one_sec_start":1305927998752,"one_sec_pkt_ct":20,"sent":4802,"received":4783,"in_progress":19,"errors":0,"sessions":23,"total_sessions_started":1213,"total_sessions_completed":1190,"total_sessions_error":0,"queued":4,"min_latency":17,"max_latency":10693}

{"start_time":1305927709761,"one_sec_start":1305928009158,"one_sec_pkt_ct":8,"sent":4976,"received":4963,"in_progress":13,"errors":0,"sessions":14,"total_sessions_started":1255,"total_sessions_completed":1241,"total_sessions_error":0,"queued":1,"min_latency":17,"max_latency":10693}

{"start_time":1305927709761,"one_sec_start":1305928018708,"one_sec_pkt_ct":20,"sent":5157,"received":5155,"in_progress":2,"errors":0,"sessions":6,"total_sessions_started":1298,"total_sessions_completed":1292,"total_sessions_error":0,"queued":4,"min_latency":17,"max_latency":10693}

{"start_time":1305927709761,"one_sec_start":1305928029329,"one_sec_pkt_ct":9,"sent":5319,"received":5304,"in_progress":15,"errors":0,"sessions":17,"total_sessions_started":1348,"total_sessions_completed":1331,"total_sessions_error":0,"queued":2,"min_latency":17,"max_latency":10693}

{"start_time":1305927709761,"one_sec_start":1305928039734,"one_sec_pkt_ct":1,"sent":5481,"received":5462,"in_progress":19,"errors":0,"sessions":19,"total_sessions_started":1390,"total_sessions_completed":1371,"total_sessions_error":0,"queued":0,"min_latency":17,"max_latency":10693}

{"start_time":1305927709761,"one_sec_start":1305928048935,"one_sec_pkt_ct":14,"sent":5661,"received":5645,"in_progress":16,"errors":0,"sessions":17,"total_sessions_started":1435,"total_sessions_completed":1418,"total_sessions_error":0,"queued":1,"min_latency":17,"max_latency":10693}

{"start_time":1305927709761,"one_sec_start":1305928059249,"one_sec_pkt_ct":20,"sent":5840,"received":5816,"in_progress":24,"errors":0,"sessions":26,"total_sessions_started":1489,"total_sessions_completed":1463,"total_sessions_error":0,"queued":2,"min_latency":17,"max_latency":10693}

{"start_time":1305927709761,"one_sec_start":1305928069055,"one_sec_pkt_ct":15,"sent":6005,"received":5983,"in_progress":22,"errors":0,"sessions":22,"total_sessions_started":1525,"total_sessions_completed":1503,"total_sessions_error":0,"queued":0,"min_latency":17,"max_latency":10693}

{"start_time":1305927709761,"one_sec_start":1305928079389,"one_sec_pkt_ct":10,"sent":6178,"received":6164,"in_progress":14,"errors":0,"sessions":17,"total_sessions_started":1562,"total_sessions_completed":1545,"total_sessions_error":0,"queued":3,"min_latency":17,"max_latency":50517}

{"start_time":1305927709761,"one_sec_start":1305928089112,"one_sec_pkt_ct":6,"sent":6345,"received":6321,"in_progress":24,"errors":1,"sessions":26,"total_sessions_started":1604,"total_sessions_completed":1577,"total_sessions_error":1,"queued":2,"min_latency":17,"max_latency":60108}

{"start_time":1305927709761,"one_sec_start":1305928099446,"one_sec_pkt_ct":7,"sent":6519,"received":6474,"in_progress":45,"errors":2,"sessions":49,"total_sessions_started":1660,"total_sessions_completed":1609,"total_sessions_error":2,"queued":4,"min_latency":17,"max_latency":61418}

{"start_time":1305927709761,"one_sec_start":1305928109241,"one_sec_pkt_ct":20,"sent":6703,"received":6678,"in_progress":25,"errors":2,"sessions":29,"total_sessions_started":1694,"total_sessions_completed":1663,"total_sessions_error":2,"queued":4,"min_latency":17,"max_latency":61418}

{"start_time":1305927709761,"one_sec_start":1305928119671,"one_sec_pkt_ct":1,"sent":6869,"received":6838,"in_progress":31,"errors":2,"sessions":37,"total_sessions_started":1741,"total_sessions_completed":1702,"total_sessions_error":2,"queued":6,"min_latency":17,"max_latency":61418}

{"start_time":1305927709761,"one_sec_start":1305928129342,"one_sec_pkt_ct":20,"sent":7060,"received":7028,"in_progress":32,"errors":2,"sessions":33,"total_sessions_started":1790,"total_sessions_completed":1755,"total_sessions_error":2,"queued":1,"min_latency":17,"max_latency":61418}

{"start_time":1305927709761,"one_sec_start":1305928139235,"one_sec_pkt_ct":20,"sent":7235,"received":7204,"in_progress":31,"errors":2,"sessions":34,"total_sessions_started":1835,"total_sessions_completed":1799,"total_sessions_error":2,"queued":3,"min_latency":17,"max_latency":61418}

{"start_time":1305927709761,"one_sec_start":1305928148843,"one_sec_pkt_ct":17,"sent":7406,"received":7375,"in_progress":31,"errors":2,"sessions":31,"total_sessions_started":1872,"total_sessions_completed":1839,"total_sessions_error":2,"queued":0,"min_latency":17,"max_latency":61418}

{"start_time":1305927709761,"one_sec_start":1305928159212,"one_sec_pkt_ct":11,"sent":7595,"received":7563,"in_progress":32,"errors":2,"sessions":33,"total_sessions_started":1921,"total_sessions_completed":1886,"total_sessions_error":2,"queued":1,"min_latency":17,"max_latency":61418}

{"start_time":1305927709761,"one_sec_start":1305928168883,"one_sec_pkt_ct":15,"sent":7769,"received":7746,"in_progress":23,"errors":2,"sessions":27,"total_sessions_started":1954,"total_sessions_completed":1925,"total_sessions_error":2,"queued":4,"min_latency":17,"max_latency":61418}

{"start_time":1305927709761,"one_sec_start":1305928178874,"one_sec_pkt_ct":18,"sent":7939,"received":7903,"in_progress":36,"errors":2,"sessions":36,"total_sessions_started":2008,"total_sessions_completed":1970,"total_sessions_error":2,"queued":0,"min_latency":17,"max_latency":61418}

