{"start_time":1306037405322,"one_sec_start":1306037414485,"one_sec_pkt_ct":20,"sent":177,"received":173,"in_progress":4,"errors":0,"sessions":5,"total_sessions_started":45,"total_sessions_completed":40,"total_sessions_error":0,"queued":1,"min_latency":16,"max_latency":1457}

{"start_time":1306037405322,"one_sec_start":1306037424715,"one_sec_pkt_ct":20,"sent":336,"received":329,"in_progress":7,"errors":0,"sessions":8,"total_sessions_started":83,"total_sessions_completed":75,"total_sessions_error":0,"queued":1,"min_latency":16,"max_latency":1833}

{"start_time":1306037405322,"one_sec_start":1306037435281,"one_sec_pkt_ct":1,"sent":489,"received":486,"in_progress":3,"errors":0,"sessions":5,"total_sessions_started":123,"total_sessions_completed":118,"total_sessions_error":0,"queued":2,"min_latency":16,"max_latency":1833}

{"start_time":1306037405322,"one_sec_start":1306037445302,"one_sec_pkt_ct":2,"sent":650,"received":647,"in_progress":3,"errors":0,"sessions":3,"total_sessions_started":158,"total_sessions_completed":155,"total_sessions_error":0,"queued":0,"min_latency":16,"max_latency":1833}

{"start_time":1306037405322,"one_sec_start":1306037454799,"one_sec_pkt_ct":8,"sent":816,"received":814,"in_progress":2,"errors":0,"sessions":3,"total_sessions_started":204,"total_sessions_completed":201,"total_sessions_error":0,"queued":1,"min_latency":16,"max_latency":21821}

{"start_time":1306037405322,"one_sec_start":1306037464462,"one_sec_pkt_ct":20,"sent":1000,"received":991,"in_progress":9,"errors":0,"sessions":10,"total_sessions_started":253,"total_sessions_completed":243,"total_sessions_error":0,"queued":1,"min_latency":16,"max_latency":21821}

{"start_time":1306037405322,"one_sec_start":1306037475146,"one_sec_pkt_ct":14,"sent":1167,"received":1158,"in_progress":9,"errors":0,"sessions":9,"total_sessions_started":292,"total_sessions_completed":283,"total_sessions_error":0,"queued":0,"min_latency":16,"max_latency":21821}

{"start_time":1306037405322,"one_sec_start":1306037484526,"one_sec_pkt_ct":20,"sent":1327,"received":1319,"in_progress":8,"errors":0,"sessions":13,"total_sessions_started":335,"total_sessions_completed":322,"total_sessions_error":0,"queued":5,"min_latency":16,"max_latency":21821}

{"start_time":1306037405322,"one_sec_start":1306037494185,"one_sec_pkt_ct":20,"sent":1481,"received":1476,"in_progress":5,"errors":0,"sessions":8,"total_sessions_started":370,"total_sessions_completed":362,"total_sessions_error":0,"queued":3,"min_latency":16,"max_latency":21821}

{"start_time":1306037405322,"one_sec_start":1306037504352,"one_sec_pkt_ct":10,"sent":1650,"received":1647,"in_progress":3,"errors":0,"sessions":3,"total_sessions_started":409,"total_sessions_completed":406,"total_sessions_error":0,"queued":0,"min_latency":16,"max_latency":21821}

{"start_time":1306037405322,"one_sec_start":1306037514387,"one_sec_pkt_ct":20,"sent":1811,"received":1808,"in_progress":3,"errors":0,"sessions":6,"total_sessions_started":450,"total_sessions_completed":444,"total_sessions_error":0,"queued":3,"min_latency":16,"max_latency":21821}

{"start_time":1306037405322,"one_sec_start":1306037525053,"one_sec_pkt_ct":14,"sent":1965,"received":1955,"in_progress":10,"errors":1,"sessions":10,"total_sessions_started":488,"total_sessions_completed":477,"total_sessions_error":1,"queued":0,"min_latency":16,"max_latency":60014}

{"start_time":1306037405322,"one_sec_start":1306037535110,"one_sec_pkt_ct":1,"sent":2132,"received":2127,"in_progress":5,"errors":1,"sessions":7,"total_sessions_started":530,"total_sessions_completed":522,"total_sessions_error":1,"queued":2,"min_latency":16,"max_latency":60014}

{"start_time":1306037405322,"one_sec_start":1306037544727,"one_sec_pkt_ct":12,"sent":2302,"received":2300,"in_progress":2,"errors":1,"sessions":2,"total_sessions_started":575,"total_sessions_completed":572,"total_sessions_error":1,"queued":0,"min_latency":16,"max_latency":60014}

{"start_time":1306037405322,"one_sec_start":1306037555050,"one_sec_pkt_ct":6,"sent":2456,"received":2446,"in_progress":10,"errors":1,"sessions":13,"total_sessions_started":616,"total_sessions_completed":602,"total_sessions_error":1,"queued":3,"min_latency":16,"max_latency":60014}

{"start_time":1306037405322,"one_sec_start":1306037564779,"one_sec_pkt_ct":15,"sent":2625,"received":2617,"in_progress":8,"errors":1,"sessions":9,"total_sessions_started":654,"total_sessions_completed":644,"total_sessions_error":1,"queued":1,"min_latency":16,"max_latency":60014}

{"start_time":1306037405322,"one_sec_start":1306037574689,"one_sec_pkt_ct":20,"sent":2790,"received":2787,"in_progress":3,"errors":1,"sessions":4,"total_sessions_started":696,"total_sessions_completed":691,"total_sessions_error":1,"queued":1,"min_latency":16,"max_latency":60014}

{"start_time":1306037405322,"one_sec_start":1306037584363,"one_sec_pkt_ct":20,"sent":2950,"received":2947,"in_progress":3,"errors":1,"sessions":5,"total_sessions_started":735,"total_sessions_completed":729,"total_sessions_error":1,"queued":2,"min_latency":16,"max_latency":60014}

{"start_time":1306037405322,"one_sec_start":1306037594123,"one_sec_pkt_ct":20,"sent":3129,"received":3129,"in_progress":0,"errors":1,"sessions":2,"total_sessions_started":780,"total_sessions_completed":777,"total_sessions_error":1,"queued":2,"min_latency":16,"max_latency":60014}

{"start_time":1306037405322,"one_sec_start":1306037604836,"one_sec_pkt_ct":19,"sent":3299,"received":3279,"in_progress":20,"errors":1,"sessions":20,"total_sessions_started":832,"total_sessions_completed":811,"total_sessions_error":1,"queued":0,"min_latency":16,"max_latency":60014}

{"start_time":1306037405322,"one_sec_start":1306037614878,"one_sec_pkt_ct":20,"sent":3460,"received":3447,"in_progress":13,"errors":1,"sessions":15,"total_sessions_started":875,"total_sessions_completed":859,"total_sessions_error":1,"queued":1,"min_latency":16,"max_latency":60014}

{"start_time":1306037405322,"one_sec_start":1306037624418,"one_sec_pkt_ct":11,"sent":3600,"received":3596,"in_progress":4,"errors":1,"sessions":5,"total_sessions_started":905,"total_sessions_completed":899,"total_sessions_error":1,"queued":1,"min_latency":16,"max_latency":60014}

{"start_time":1306037405322,"one_sec_start":1306037634037,"one_sec_pkt_ct":20,"sent":3751,"received":3745,"in_progress":6,"errors":1,"sessions":9,"total_sessions_started":954,"total_sessions_completed":944,"total_sessions_error":1,"queued":3,"min_latency":16,"max_latency":60014}

{"start_time":1306037405322,"one_sec_start":1306037644552,"one_sec_pkt_ct":20,"sent":3911,"received":3899,"in_progress":12,"errors":1,"sessions":15,"total_sessions_started":1000,"total_sessions_completed":984,"total_sessions_error":1,"queued":3,"min_latency":16,"max_latency":60014}

{"start_time":1306037405322,"one_sec_start":1306037654280,"one_sec_pkt_ct":20,"sent":4066,"received":4057,"in_progress":9,"errors":6,"sessions":10,"total_sessions_started":1040,"total_sessions_completed":1024,"total_sessions_error":6,"queued":1,"min_latency":16,"max_latency":60014}

{"start_time":1306037405322,"one_sec_start":1306037664980,"one_sec_pkt_ct":15,"sent":4260,"received":4245,"in_progress":15,"errors":6,"sessions":15,"total_sessions_started":1090,"total_sessions_completed":1069,"total_sessions_error":6,"queued":0,"min_latency":16,"max_latency":60014}

{"start_time":1306037405322,"one_sec_start":1306037674419,"one_sec_pkt_ct":20,"sent":4425,"received":4414,"in_progress":11,"errors":6,"sessions":12,"total_sessions_started":1130,"total_sessions_completed":1112,"total_sessions_error":6,"queued":1,"min_latency":16,"max_latency":60014}

{"start_time":1306037405322,"one_sec_start":1306037685078,"one_sec_pkt_ct":9,"sent":4588,"received":4582,"in_progress":6,"errors":6,"sessions":6,"total_sessions_started":1160,"total_sessions_completed":1148,"total_sessions_error":6,"queued":0,"min_latency":16,"max_latency":60014}

{"start_time":1306037405322,"one_sec_start":1306037695035,"one_sec_pkt_ct":7,"sent":4759,"received":4745,"in_progress":14,"errors":6,"sessions":14,"total_sessions_started":1207,"total_sessions_completed":1187,"total_sessions_error":6,"queued":0,"min_latency":16,"max_latency":60014}

{"start_time":1306037405322,"one_sec_start":1306037704415,"one_sec_pkt_ct":20,"sent":4932,"received":4912,"in_progress":20,"errors":6,"sessions":22,"total_sessions_started":1254,"total_sessions_completed":1226,"total_sessions_error":6,"queued":2,"min_latency":16,"max_latency":60014}

{"start_time":1306037405322,"one_sec_start":1306037715081,"one_sec_pkt_ct":4,"sent":5096,"received":5078,"in_progress":18,"errors":6,"sessions":19,"total_sessions_started":1291,"total_sessions_completed":1266,"total_sessions_error":6,"queued":1,"min_latency":15,"max_latency":60014}

{"start_time":1306037405322,"one_sec_start":1306037724629,"one_sec_pkt_ct":16,"sent":5274,"received":5261,"in_progress":13,"errors":6,"sessions":13,"total_sessions_started":1331,"total_sessions_completed":1312,"total_sessions_error":6,"queued":0,"min_latency":15,"max_latency":60014}

{"start_time":1306037405322,"one_sec_start":1306037734921,"one_sec_pkt_ct":20,"sent":5442,"received":5414,"in_progress":28,"errors":6,"sessions":28,"total_sessions_started":1383,"total_sessions_completed":1349,"total_sessions_error":6,"queued":0,"min_latency":15,"max_latency":60014}

{"start_time":1306037405322,"one_sec_start":1306037745280,"one_sec_pkt_ct":4,"sent":5604,"received":5588,"in_progress":16,"errors":6,"sessions":22,"total_sessions_started":1422,"total_sessions_completed":1394,"total_sessions_error":6,"queued":6,"min_latency":15,"max_latency":60014}

{"start_time":1306037405322,"one_sec_start":1306037755127,"one_sec_pkt_ct":1,"sent":5774,"received":5767,"in_progress":7,"errors":6,"sessions":9,"total_sessions_started":1462,"total_sessions_completed":1447,"total_sessions_error":6,"queued":2,"min_latency":15,"max_latency":60014}

{"start_time":1306037405322,"one_sec_start":1306037765161,"one_sec_pkt_ct":2,"sent":5950,"received":5934,"in_progress":16,"errors":6,"sessions":22,"total_sessions_started":1511,"total_sessions_completed":1483,"total_sessions_error":6,"queued":6,"min_latency":15,"max_latency":60014}

{"start_time":1306037405322,"one_sec_start":1306037775154,"one_sec_pkt_ct":8,"sent":6114,"received":6101,"in_progress":13,"errors":6,"sessions":13,"total_sessions_started":1550,"total_sessions_completed":1531,"total_sessions_error":6,"queued":0,"min_latency":15,"max_latency":60014}

{"start_time":1306037405322,"one_sec_start":1306037784924,"one_sec_pkt_ct":14,"sent":6295,"received":6283,"in_progress":12,"errors":6,"sessions":14,"total_sessions_started":1596,"total_sessions_completed":1576,"total_sessions_error":6,"queued":2,"min_latency":15,"max_latency":60014}

{"start_time":1306037405322,"one_sec_start":1306037794868,"one_sec_pkt_ct":15,"sent":6454,"received":6447,"in_progress":7,"errors":6,"sessions":7,"total_sessions_started":1629,"total_sessions_completed":1616,"total_sessions_error":6,"queued":0,"min_latency":15,"max_latency":60014}

{"start_time":1306037405322,"one_sec_start":1306037805245,"one_sec_pkt_ct":2,"sent":6621,"received":6609,"in_progress":12,"errors":6,"sessions":13,"total_sessions_started":1675,"total_sessions_completed":1656,"total_sessions_error":6,"queued":1,"min_latency":15,"max_latency":60014}

{"start_time":1306037405322,"one_sec_start":1306037813754,"one_sec_pkt_ct":20,"sent":6790,"received":6789,"in_progress":1,"errors":6,"sessions":7,"total_sessions_started":1715,"total_sessions_completed":1702,"total_sessions_error":6,"queued":6,"min_latency":15,"max_latency":60014}

{"start_time":1306037405322,"one_sec_start":1306037824689,"one_sec_pkt_ct":20,"sent":6980,"received":6957,"in_progress":23,"errors":6,"sessions":24,"total_sessions_started":1769,"total_sessions_completed":1739,"total_sessions_error":6,"queued":1,"min_latency":15,"max_latency":60014}

{"start_time":1306037405322,"one_sec_start":1306037835253,"one_sec_pkt_ct":1,"sent":7154,"received":7132,"in_progress":22,"errors":6,"sessions":27,"total_sessions_started":1820,"total_sessions_completed":1787,"total_sessions_error":6,"queued":5,"min_latency":15,"max_latency":60014}

{"start_time":1306037405322,"one_sec_start":1306037844578,"one_sec_pkt_ct":16,"sent":7326,"received":7305,"in_progress":21,"errors":6,"sessions":21,"total_sessions_started":1861,"total_sessions_completed":1834,"total_sessions_error":6,"queued":0,"min_latency":15,"max_latency":60014}

{"start_time":1306037405322,"one_sec_start":1306037854314,"one_sec_pkt_ct":20,"sent":7492,"received":7466,"in_progress":26,"errors":6,"sessions":29,"total_sessions_started":1908,"total_sessions_completed":1873,"total_sessions_error":6,"queued":2,"min_latency":15,"max_latency":60014}

{"start_time":1306037405322,"one_sec_start":1306037864959,"one_sec_pkt_ct":5,"sent":7666,"received":7645,"in_progress":21,"errors":6,"sessions":23,"total_sessions_started":1950,"total_sessions_completed":1921,"total_sessions_error":6,"queued":2,"min_latency":15,"max_latency":60014}

{"start_time":1306037405322,"one_sec_start":1306037874302,"one_sec_pkt_ct":15,"sent":7829,"received":7818,"in_progress":11,"errors":6,"sessions":12,"total_sessions_started":1984,"total_sessions_completed":1966,"total_sessions_error":6,"queued":0,"min_latency":15,"max_latency":60014}

{"start_time":1306037405322,"one_sec_start":1306037885299,"one_sec_pkt_ct":1,"sent":8004,"received":7995,"in_progress":9,"errors":6,"sessions":12,"total_sessions_started":2027,"total_sessions_completed":2009,"total_sessions_error":6,"queued":3,"min_latency":15,"max_latency":60014}

{"start_time":1306037405322,"one_sec_start":1306037894310,"one_sec_pkt_ct":20,"sent":8177,"received":8163,"in_progress":14,"errors":6,"sessions":15,"total_sessions_started":2069,"total_sessions_completed":2048,"total_sessions_error":6,"queued":1,"min_latency":15,"max_latency":60014}

{"start_time":1306037405322,"one_sec_start":1306037904950,"one_sec_pkt_ct":7,"sent":8345,"received":8329,"in_progress":16,"errors":6,"sessions":19,"total_sessions_started":2111,"total_sessions_completed":2086,"total_sessions_error":6,"queued":3,"min_latency":15,"max_latency":60014}

{"start_time":1306037405322,"one_sec_start":1306037914451,"one_sec_pkt_ct":20,"sent":8515,"received":8493,"in_progress":22,"errors":6,"sessions":25,"total_sessions_started":2159,"total_sessions_completed":2128,"total_sessions_error":6,"queued":3,"min_latency":15,"max_latency":60014}

{"start_time":1306037405322,"one_sec_start":1306037924532,"one_sec_pkt_ct":20,"sent":8682,"received":8650,"in_progress":32,"errors":6,"sessions":35,"total_sessions_started":2207,"total_sessions_completed":2166,"total_sessions_error":6,"queued":3,"min_latency":15,"max_latency":60014}

{"start_time":1306037405322,"one_sec_start":1306037934463,"one_sec_pkt_ct":20,"sent":8853,"received":8821,"in_progress":32,"errors":6,"sessions":35,"total_sessions_started":2249,"total_sessions_completed":2208,"total_sessions_error":6,"queued":3,"min_latency":15,"max_latency":60014}

{"start_time":1306037405322,"one_sec_start":1306037945138,"one_sec_pkt_ct":3,"sent":9032,"received":9018,"in_progress":14,"errors":6,"sessions":18,"total_sessions_started":2294,"total_sessions_completed":2270,"total_sessions_error":6,"queued":4,"min_latency":15,"max_latency":60014}

{"start_time":1306037405322,"one_sec_start":1306037954974,"one_sec_pkt_ct":5,"sent":9201,"received":9166,"in_progress":35,"errors":6,"sessions":37,"total_sessions_started":2346,"total_sessions_completed":2303,"total_sessions_error":6,"queued":2,"min_latency":15,"max_latency":60014}

{"start_time":1306037405322,"one_sec_start":1306037964293,"one_sec_pkt_ct":20,"sent":9386,"received":9350,"in_progress":36,"errors":6,"sessions":45,"total_sessions_started":2394,"total_sessions_completed":2343,"total_sessions_error":6,"queued":9,"min_latency":15,"max_latency":60014}

{"start_time":1306037405322,"one_sec_start":1306037974271,"one_sec_pkt_ct":20,"sent":9546,"received":9536,"in_progress":10,"errors":6,"sessions":13,"total_sessions_started":2419,"total_sessions_completed":2400,"total_sessions_error":6,"queued":3,"min_latency":15,"max_latency":60014}

{"start_time":1306037405322,"one_sec_start":1306037984826,"one_sec_pkt_ct":4,"sent":9702,"received":9691,"in_progress":11,"errors":6,"sessions":17,"total_sessions_started":2462,"total_sessions_completed":2439,"total_sessions_error":6,"queued":6,"min_latency":15,"max_latency":60014}

{"start_time":1306037405322,"one_sec_start":1306037995139,"one_sec_pkt_ct":9,"sent":9877,"received":9862,"in_progress":15,"errors":6,"sessions":15,"total_sessions_started":2505,"total_sessions_completed":2484,"total_sessions_error":6,"queued":0,"min_latency":15,"max_latency":60014}

{"start_time":1306037405322,"one_sec_start":1306038004697,"one_sec_pkt_ct":10,"sent":10047,"received":10012,"in_progress":35,"errors":6,"sessions":37,"total_sessions_started":2557,"total_sessions_completed":2514,"total_sessions_error":6,"queued":2,"min_latency":15,"max_latency":60014}

{"start_time":1306037405322,"one_sec_start":1306038015073,"one_sec_pkt_ct":9,"sent":10229,"received":10175,"in_progress":54,"errors":6,"sessions":54,"total_sessions_started":2609,"total_sessions_completed":2549,"total_sessions_error":6,"queued":0,"min_latency":15,"max_latency":60014}

{"start_time":1306037405322,"one_sec_start":1306038024436,"one_sec_pkt_ct":11,"sent":10399,"received":10326,"in_progress":73,"errors":6,"sessions":73,"total_sessions_started":2660,"total_sessions_completed":2581,"total_sessions_error":6,"queued":0,"min_latency":15,"max_latency":60014}

{"start_time":1306037405322,"one_sec_start":1306038034827,"one_sec_pkt_ct":17,"sent":10591,"received":10476,"in_progress":115,"errors":6,"sessions":115,"total_sessions_started":2731,"total_sessions_completed":2610,"total_sessions_error":6,"queued":0,"min_latency":15,"max_latency":60014}

{"start_time":1306037405322,"one_sec_start":1306038045168,"one_sec_pkt_ct":9,"sent":10759,"received":10611,"in_progress":148,"errors":6,"sessions":148,"total_sessions_started":2795,"total_sessions_completed":2641,"total_sessions_error":6,"queued":0,"min_latency":15,"max_latency":60014}

{"start_time":1306037405322,"one_sec_start":1306038055051,"one_sec_pkt_ct":9,"sent":10939,"received":10747,"in_progress":192,"errors":6,"sessions":193,"total_sessions_started":2860,"total_sessions_completed":2661,"total_sessions_error":6,"queued":1,"min_latency":15,"max_latency":60014}

{"start_time":1306037405322,"one_sec_start":1306038064458,"one_sec_pkt_ct":15,"sent":11114,"received":10886,"in_progress":228,"errors":6,"sessions":228,"total_sessions_started":2921,"total_sessions_completed":2687,"total_sessions_error":6,"queued":0,"min_latency":15,"max_latency":60014}

{"start_time":1306037405322,"one_sec_start":1306038074597,"one_sec_pkt_ct":9,"sent":11277,"received":11022,"in_progress":255,"errors":6,"sessions":255,"total_sessions_started":2975,"total_sessions_completed":2714,"total_sessions_error":6,"queued":0,"min_latency":15,"max_latency":60014}

{"start_time":1306037405322,"one_sec_start":1306038084992,"one_sec_pkt_ct":17,"sent":11454,"received":11162,"in_progress":292,"errors":6,"sessions":292,"total_sessions_started":3039,"total_sessions_completed":2741,"total_sessions_error":6,"queued":0,"min_latency":15,"max_latency":60014}

{"start_time":1306037405322,"one_sec_start":1306038094348,"one_sec_pkt_ct":20,"sent":11611,"received":11312,"in_progress":299,"errors":6,"sessions":309,"total_sessions_started":3088,"total_sessions_completed":2773,"total_sessions_error":6,"queued":10,"min_latency":15,"max_latency":60014}

{"start_time":1306037405322,"one_sec_start":1306038103557,"one_sec_pkt_ct":20,"sent":11765,"received":11443,"in_progress":322,"errors":6,"sessions":325,"total_sessions_started":3125,"total_sessions_completed":2794,"total_sessions_error":6,"queued":3,"min_latency":15,"max_latency":60014}

{"start_time":1306037405322,"one_sec_start":1306038114427,"one_sec_pkt_ct":20,"sent":11934,"received":11584,"in_progress":350,"errors":6,"sessions":353,"total_sessions_started":3177,"total_sessions_completed":2818,"total_sessions_error":6,"queued":3,"min_latency":15,"max_latency":69842}

{"start_time":1306037405322,"one_sec_start":1306038125074,"one_sec_pkt_ct":4,"sent":12097,"received":11728,"in_progress":369,"errors":6,"sessions":374,"total_sessions_started":3230,"total_sessions_completed":2850,"total_sessions_error":6,"queued":5,"min_latency":15,"max_latency":74301}

{"start_time":1306037405322,"one_sec_start":1306038134650,"one_sec_pkt_ct":11,"sent":12273,"received":11891,"in_progress":382,"errors":6,"sessions":383,"total_sessions_started":3285,"total_sessions_completed":2896,"total_sessions_error":6,"queued":1,"min_latency":15,"max_latency":78867}

{"start_time":1306037405322,"one_sec_start":1306038145315,"one_sec_pkt_ct":1,"sent":12434,"received":12024,"in_progress":410,"errors":9,"sessions":410,"total_sessions_started":3343,"total_sessions_completed":2924,"total_sessions_error":9,"queued":0,"min_latency":15,"max_latency":86966}

{"start_time":1306037405322,"one_sec_start":1306038154690,"one_sec_pkt_ct":18,"sent":12612,"received":12169,"in_progress":443,"errors":11,"sessions":443,"total_sessions_started":3405,"total_sessions_completed":2951,"total_sessions_error":11,"queued":0,"min_latency":15,"max_latency":86966}

{"start_time":1306037405322,"one_sec_start":1306038165075,"one_sec_pkt_ct":10,"sent":12786,"received":12325,"in_progress":461,"errors":15,"sessions":461,"total_sessions_started":3460,"total_sessions_completed":2984,"total_sessions_error":15,"queued":0,"min_latency":15,"max_latency":107834}

{"start_time":1306037405322,"one_sec_start":1306038174432,"one_sec_pkt_ct":10,"sent":12948,"received":12454,"in_progress":494,"errors":18,"sessions":494,"total_sessions_started":3518,"total_sessions_completed":3006,"total_sessions_error":18,"queued":0,"min_latency":15,"max_latency":107834}

{"start_time":1306037405322,"one_sec_start":1306038185064,"one_sec_pkt_ct":4,"sent":13120,"received":12603,"in_progress":517,"errors":24,"sessions":519,"total_sessions_started":3572,"total_sessions_completed":3029,"total_sessions_error":24,"queued":2,"min_latency":15,"max_latency":116431}

{"start_time":1306037405322,"one_sec_start":1306038194567,"one_sec_pkt_ct":20,"sent":13300,"received":12754,"in_progress":546,"errors":33,"sessions":553,"total_sessions_started":3638,"total_sessions_completed":3052,"total_sessions_error":33,"queued":7,"min_latency":15,"max_latency":122230}

{"start_time":1306037405322,"one_sec_start":1306038204546,"one_sec_pkt_ct":18,"sent":13455,"received":12875,"in_progress":580,"errors":35,"sessions":580,"total_sessions_started":3691,"total_sessions_completed":3076,"total_sessions_error":35,"queued":0,"min_latency":15,"max_latency":122230}

{"start_time":1306037405322,"one_sec_start":1306038214621,"one_sec_pkt_ct":7,"sent":13618,"received":13013,"in_progress":605,"errors":35,"sessions":605,"total_sessions_started":3746,"total_sessions_completed":3106,"total_sessions_error":35,"queued":0,"min_latency":15,"max_latency":156289}

{"start_time":1306037405322,"one_sec_start":1306038225032,"one_sec_pkt_ct":1,"sent":13788,"received":13155,"in_progress":633,"errors":48,"sessions":636,"total_sessions_started":3812,"total_sessions_completed":3128,"total_sessions_error":48,"queued":3,"min_latency":15,"max_latency":156289}

{"start_time":1306037405322,"one_sec_start":1306038234788,"one_sec_pkt_ct":20,"sent":13970,"received":13306,"in_progress":664,"errors":54,"sessions":666,"total_sessions_started":3873,"total_sessions_completed":3153,"total_sessions_error":54,"queued":2,"min_latency":15,"max_latency":156289}

{"start_time":1306037405322,"one_sec_start":1306038244280,"one_sec_pkt_ct":20,"sent":14127,"received":13458,"in_progress":669,"errors":74,"sessions":679,"total_sessions_started":3935,"total_sessions_completed":3182,"total_sessions_error":74,"queued":10,"min_latency":15,"max_latency":157571}

{"start_time":1306037405322,"one_sec_start":1306038254629,"one_sec_pkt_ct":20,"sent":14292,"received":13611,"in_progress":681,"errors":104,"sessions":683,"total_sessions_started":3998,"total_sessions_completed":3211,"total_sessions_error":104,"queued":2,"min_latency":15,"max_latency":161366}

{"start_time":1306037405322,"one_sec_start":1306038264317,"one_sec_pkt_ct":20,"sent":14440,"received":13749,"in_progress":691,"errors":136,"sessions":696,"total_sessions_started":4059,"total_sessions_completed":3227,"total_sessions_error":136,"queued":5,"min_latency":15,"max_latency":161366}

{"start_time":1306037405322,"one_sec_start":1306038275261,"one_sec_pkt_ct":2,"sent":14588,"received":13902,"in_progress":686,"errors":177,"sessions":690,"total_sessions_started":4118,"total_sessions_completed":3251,"total_sessions_error":177,"queued":4,"min_latency":15,"max_latency":206623}

{"start_time":1306037405322,"one_sec_start":1306038284560,"one_sec_pkt_ct":5,"sent":14735,"received":14061,"in_progress":674,"errors":232,"sessions":677,"total_sessions_started":4181,"total_sessions_completed":3272,"total_sessions_error":232,"queued":3,"min_latency":15,"max_latency":206623}

{"start_time":1306037405322,"one_sec_start":1306038294686,"one_sec_pkt_ct":20,"sent":14894,"received":14232,"in_progress":662,"errors":295,"sessions":666,"total_sessions_started":4250,"total_sessions_completed":3289,"total_sessions_error":295,"queued":4,"min_latency":15,"max_latency":206623}

{"start_time":1306037405322,"one_sec_start":1306038305111,"one_sec_pkt_ct":2,"sent":15035,"received":14378,"in_progress":657,"errors":344,"sessions":661,"total_sessions_started":4310,"total_sessions_completed":3305,"total_sessions_error":344,"queued":4,"min_latency":15,"max_latency":206623}

{"start_time":1306037405322,"one_sec_start":1306038315086,"one_sec_pkt_ct":9,"sent":15202,"received":14511,"in_progress":691,"errors":378,"sessions":691,"total_sessions_started":4384,"total_sessions_completed":3315,"total_sessions_error":378,"queued":0,"min_latency":15,"max_latency":206623}

{"start_time":1306037405322,"one_sec_start":1306038324502,"one_sec_pkt_ct":20,"sent":15361,"received":14641,"in_progress":720,"errors":412,"sessions":722,"total_sessions_started":4457,"total_sessions_completed":3323,"total_sessions_error":412,"queued":2,"min_latency":15,"max_latency":206623}

