{"start_time":1305930740235,"one_sec_start":1305930749120,"one_sec_pkt_ct":20,"sent":160,"received":159,"in_progress":1,"errors":0,"sessions":4,"total_sessions_started":46,"total_sessions_completed":42,"total_sessions_error":0,"queued":3,"min_latency":18,"max_latency":2580}

{"start_time":1305930740235,"one_sec_start":1305930759868,"one_sec_pkt_ct":17,"sent":317,"received":306,"in_progress":11,"errors":0,"sessions":11,"total_sessions_started":90,"total_sessions_completed":79,"total_sessions_error":0,"queued":0,"min_latency":18,"max_latency":2580}

{"start_time":1305930740235,"one_sec_start":1305930769765,"one_sec_pkt_ct":20,"sent":480,"received":472,"in_progress":8,"errors":0,"sessions":9,"total_sessions_started":133,"total_sessions_completed":124,"total_sessions_error":0,"queued":1,"min_latency":18,"max_latency":2580}

{"start_time":1305930740235,"one_sec_start":1305930780174,"one_sec_pkt_ct":2,"sent":638,"received":635,"in_progress":3,"errors":0,"sessions":3,"total_sessions_started":165,"total_sessions_completed":162,"total_sessions_error":0,"queued":0,"min_latency":18,"max_latency":2691}

{"start_time":1305930740235,"one_sec_start":1305930789048,"one_sec_pkt_ct":20,"sent":792,"received":790,"in_progress":2,"errors":0,"sessions":4,"total_sessions_started":203,"total_sessions_completed":199,"total_sessions_error":0,"queued":2,"min_latency":18,"max_latency":2946}

{"start_time":1305930740235,"one_sec_start":1305930800217,"one_sec_pkt_ct":1,"sent":952,"received":948,"in_progress":4,"errors":0,"sessions":5,"total_sessions_started":245,"total_sessions_completed":240,"total_sessions_error":0,"queued":1,"min_latency":18,"max_latency":2946}

{"start_time":1305930740235,"one_sec_start":1305930809278,"one_sec_pkt_ct":20,"sent":1111,"received":1110,"in_progress":1,"errors":0,"sessions":6,"total_sessions_started":282,"total_sessions_completed":276,"total_sessions_error":0,"queued":5,"min_latency":18,"max_latency":2946}

{"start_time":1305930740235,"one_sec_start":1305930819801,"one_sec_pkt_ct":8,"sent":1271,"received":1266,"in_progress":5,"errors":0,"sessions":7,"total_sessions_started":320,"total_sessions_completed":313,"total_sessions_error":0,"queued":2,"min_latency":18,"max_latency":2946}

{"start_time":1305930740235,"one_sec_start":1305930830161,"one_sec_pkt_ct":2,"sent":1438,"received":1430,"in_progress":8,"errors":0,"sessions":10,"total_sessions_started":364,"total_sessions_completed":354,"total_sessions_error":0,"queued":2,"min_latency":17,"max_latency":2946}

{"start_time":1305930740235,"one_sec_start":1305930840139,"one_sec_pkt_ct":3,"sent":1599,"received":1592,"in_progress":7,"errors":0,"sessions":11,"total_sessions_started":403,"total_sessions_completed":392,"total_sessions_error":0,"queued":4,"min_latency":17,"max_latency":2946}

{"start_time":1305930740235,"one_sec_start":1305930849237,"one_sec_pkt_ct":14,"sent":1767,"received":1757,"in_progress":10,"errors":0,"sessions":10,"total_sessions_started":442,"total_sessions_completed":432,"total_sessions_error":0,"queued":0,"min_latency":17,"max_latency":2946}

{"start_time":1305930740235,"one_sec_start":1305930859312,"one_sec_pkt_ct":20,"sent":1927,"received":1925,"in_progress":2,"errors":0,"sessions":8,"total_sessions_started":480,"total_sessions_completed":472,"total_sessions_error":0,"queued":6,"min_latency":17,"max_latency":3416}

{"start_time":1305930740235,"one_sec_start":1305930870051,"one_sec_pkt_ct":8,"sent":2092,"received":2079,"in_progress":13,"errors":0,"sessions":13,"total_sessions_started":520,"total_sessions_completed":507,"total_sessions_error":0,"queued":0,"min_latency":17,"max_latency":3416}

{"start_time":1305930740235,"one_sec_start":1305930879101,"one_sec_pkt_ct":20,"sent":2264,"received":2262,"in_progress":2,"errors":0,"sessions":8,"total_sessions_started":558,"total_sessions_completed":550,"total_sessions_error":0,"queued":6,"min_latency":17,"max_latency":3703}

{"start_time":1305930740235,"one_sec_start":1305930889219,"one_sec_pkt_ct":20,"sent":2418,"received":2415,"in_progress":3,"errors":0,"sessions":5,"total_sessions_started":595,"total_sessions_completed":590,"total_sessions_error":0,"queued":2,"min_latency":17,"max_latency":3703}

{"start_time":1305930740235,"one_sec_start":1305930899630,"one_sec_pkt_ct":20,"sent":2578,"received":2575,"in_progress":3,"errors":0,"sessions":5,"total_sessions_started":638,"total_sessions_completed":633,"total_sessions_error":0,"queued":2,"min_latency":17,"max_latency":3703}

{"start_time":1305930740235,"one_sec_start":1305930909663,"one_sec_pkt_ct":20,"sent":2751,"received":2735,"in_progress":16,"errors":0,"sessions":17,"total_sessions_started":681,"total_sessions_completed":664,"total_sessions_error":0,"queued":1,"min_latency":17,"max_latency":13320}

{"start_time":1305930740235,"one_sec_start":1305930919546,"one_sec_pkt_ct":20,"sent":2924,"received":2907,"in_progress":17,"errors":0,"sessions":20,"total_sessions_started":726,"total_sessions_completed":706,"total_sessions_error":0,"queued":3,"min_latency":17,"max_latency":13320}

{"start_time":1305930740235,"one_sec_start":1305930929441,"one_sec_pkt_ct":7,"sent":3071,"received":3070,"in_progress":1,"errors":0,"sessions":2,"total_sessions_started":756,"total_sessions_completed":754,"total_sessions_error":0,"queued":1,"min_latency":17,"max_latency":13320}

{"start_time":1305930740235,"one_sec_start":1305930939210,"one_sec_pkt_ct":20,"sent":3253,"received":3244,"in_progress":9,"errors":0,"sessions":11,"total_sessions_started":812,"total_sessions_completed":801,"total_sessions_error":0,"queued":2,"min_latency":17,"max_latency":13320}

{"start_time":1305930740235,"one_sec_start":1305930949689,"one_sec_pkt_ct":8,"sent":3418,"received":3413,"in_progress":5,"errors":0,"sessions":7,"total_sessions_started":853,"total_sessions_completed":846,"total_sessions_error":0,"queued":2,"min_latency":17,"max_latency":13320}

{"start_time":1305930740235,"one_sec_start":1305930959633,"one_sec_pkt_ct":20,"sent":3599,"received":3584,"in_progress":15,"errors":0,"sessions":16,"total_sessions_started":912,"total_sessions_completed":896,"total_sessions_error":0,"queued":1,"min_latency":17,"max_latency":13320}

{"start_time":1305930740235,"one_sec_start":1305930970145,"one_sec_pkt_ct":3,"sent":3775,"received":3765,"in_progress":10,"errors":0,"sessions":10,"total_sessions_started":950,"total_sessions_completed":940,"total_sessions_error":0,"queued":0,"min_latency":17,"max_latency":13320}

{"start_time":1305930740235,"one_sec_start":1305930979120,"one_sec_pkt_ct":20,"sent":3927,"received":3919,"in_progress":8,"errors":0,"sessions":10,"total_sessions_started":994,"total_sessions_completed":984,"total_sessions_error":0,"queued":2,"min_latency":17,"max_latency":13320}

{"start_time":1305930740235,"one_sec_start":1305930989912,"one_sec_pkt_ct":12,"sent":4092,"received":4087,"in_progress":5,"errors":0,"sessions":5,"total_sessions_started":1034,"total_sessions_completed":1029,"total_sessions_error":0,"queued":0,"min_latency":17,"max_latency":13320}

{"start_time":1305930740235,"one_sec_start":1305930999776,"one_sec_pkt_ct":4,"sent":4244,"received":4237,"in_progress":7,"errors":0,"sessions":10,"total_sessions_started":1076,"total_sessions_completed":1066,"total_sessions_error":0,"queued":3,"min_latency":17,"max_latency":13320}

{"start_time":1305930740235,"one_sec_start":1305931010188,"one_sec_pkt_ct":1,"sent":4416,"received":4410,"in_progress":6,"errors":0,"sessions":9,"total_sessions_started":1117,"total_sessions_completed":1108,"total_sessions_error":0,"queued":3,"min_latency":17,"max_latency":13320}

{"start_time":1305930740235,"one_sec_start":1305931019281,"one_sec_pkt_ct":20,"sent":4579,"received":4567,"in_progress":12,"errors":0,"sessions":13,"total_sessions_started":1160,"total_sessions_completed":1147,"total_sessions_error":0,"queued":1,"min_latency":17,"max_latency":13320}

{"start_time":1305930740235,"one_sec_start":1305931030141,"one_sec_pkt_ct":1,"sent":4750,"received":4741,"in_progress":9,"errors":0,"sessions":12,"total_sessions_started":1203,"total_sessions_completed":1191,"total_sessions_error":0,"queued":3,"min_latency":17,"max_latency":13320}

{"start_time":1305930740235,"one_sec_start":1305931039840,"one_sec_pkt_ct":15,"sent":4924,"received":4906,"in_progress":18,"errors":0,"sessions":18,"total_sessions_started":1247,"total_sessions_completed":1229,"total_sessions_error":0,"queued":0,"min_latency":17,"max_latency":13320}

{"start_time":1305930740235,"one_sec_start":1305931049370,"one_sec_pkt_ct":20,"sent":5095,"received":5075,"in_progress":20,"errors":0,"sessions":25,"total_sessions_started":1291,"total_sessions_completed":1266,"total_sessions_error":0,"queued":5,"min_latency":17,"max_latency":13320}

{"start_time":1305930740235,"one_sec_start":1305931060132,"one_sec_pkt_ct":2,"sent":5265,"received":5254,"in_progress":11,"errors":0,"sessions":18,"total_sessions_started":1327,"total_sessions_completed":1309,"total_sessions_error":0,"queued":7,"min_latency":17,"max_latency":13320}

{"start_time":1305930740235,"one_sec_start":1305931070187,"one_sec_pkt_ct":1,"sent":5439,"received":5430,"in_progress":9,"errors":0,"sessions":11,"total_sessions_started":1362,"total_sessions_completed":1351,"total_sessions_error":0,"queued":2,"min_latency":17,"max_latency":13320}

{"start_time":1305930740235,"one_sec_start":1305931079858,"one_sec_pkt_ct":18,"sent":5623,"received":5605,"in_progress":18,"errors":0,"sessions":18,"total_sessions_started":1407,"total_sessions_completed":1389,"total_sessions_error":0,"queued":0,"min_latency":17,"max_latency":13320}

{"start_time":1305930740235,"one_sec_start":1305931089435,"one_sec_pkt_ct":9,"sent":5784,"received":5765,"in_progress":19,"errors":0,"sessions":19,"total_sessions_started":1451,"total_sessions_completed":1432,"total_sessions_error":0,"queued":0,"min_latency":17,"max_latency":46766}

{"start_time":1305930740235,"one_sec_start":1305931100227,"one_sec_pkt_ct":1,"sent":5967,"received":5951,"in_progress":16,"errors":0,"sessions":21,"total_sessions_started":1498,"total_sessions_completed":1477,"total_sessions_error":0,"queued":5,"min_latency":17,"max_latency":46766}

{"start_time":1305930740235,"one_sec_start":1305931109500,"one_sec_pkt_ct":20,"sent":6155,"received":6136,"in_progress":19,"errors":0,"sessions":22,"total_sessions_started":1544,"total_sessions_completed":1522,"total_sessions_error":0,"queued":3,"min_latency":17,"max_latency":46766}

{"start_time":1305930740235,"one_sec_start":1305931119855,"one_sec_pkt_ct":5,"sent":6336,"received":6326,"in_progress":10,"errors":0,"sessions":12,"total_sessions_started":1586,"total_sessions_completed":1574,"total_sessions_error":0,"queued":2,"min_latency":17,"max_latency":46766}

{"start_time":1305930740235,"one_sec_start":1305931130181,"one_sec_pkt_ct":1,"sent":6518,"received":6499,"in_progress":19,"errors":0,"sessions":25,"total_sessions_started":1633,"total_sessions_completed":1608,"total_sessions_error":0,"queued":6,"min_latency":17,"max_latency":46766}

{"start_time":1305930740235,"one_sec_start":1305931139703,"one_sec_pkt_ct":12,"sent":6695,"received":6670,"in_progress":25,"errors":0,"sessions":26,"total_sessions_started":1677,"total_sessions_completed":1651,"total_sessions_error":0,"queued":1,"min_latency":17,"max_latency":46766}

{"start_time":1305930740235,"one_sec_start":1305931150075,"one_sec_pkt_ct":11,"sent":6866,"received":6847,"in_progress":19,"errors":0,"sessions":19,"total_sessions_started":1718,"total_sessions_completed":1699,"total_sessions_error":0,"queued":0,"min_latency":17,"max_latency":46766}

{"start_time":1305930740235,"one_sec_start":1305931159698,"one_sec_pkt_ct":4,"sent":7031,"received":7016,"in_progress":15,"errors":0,"sessions":16,"total_sessions_started":1753,"total_sessions_completed":1737,"total_sessions_error":0,"queued":1,"min_latency":17,"max_latency":46766}

{"start_time":1305930740235,"one_sec_start":1305931170067,"one_sec_pkt_ct":3,"sent":7216,"received":7186,"in_progress":30,"errors":0,"sessions":31,"total_sessions_started":1809,"total_sessions_completed":1778,"total_sessions_error":0,"queued":1,"min_latency":17,"max_latency":46766}

{"start_time":1305930740235,"one_sec_start":1305931179354,"one_sec_pkt_ct":20,"sent":7387,"received":7346,"in_progress":41,"errors":0,"sessions":46,"total_sessions_started":1869,"total_sessions_completed":1823,"total_sessions_error":0,"queued":5,"min_latency":17,"max_latency":46766}

{"start_time":1305930740235,"one_sec_start":1305931189951,"one_sec_pkt_ct":5,"sent":7562,"received":7524,"in_progress":38,"errors":0,"sessions":39,"total_sessions_started":1910,"total_sessions_completed":1871,"total_sessions_error":0,"queued":1,"min_latency":17,"max_latency":46766}

{"start_time":1305930740235,"one_sec_start":1305931200198,"one_sec_pkt_ct":1,"sent":7732,"received":7688,"in_progress":44,"errors":0,"sessions":49,"total_sessions_started":1959,"total_sessions_completed":1910,"total_sessions_error":0,"queued":5,"min_latency":17,"max_latency":46766}

{"start_time":1305930740235,"one_sec_start":1305931210049,"one_sec_pkt_ct":1,"sent":7911,"received":7844,"in_progress":67,"errors":0,"sessions":72,"total_sessions_started":2013,"total_sessions_completed":1941,"total_sessions_error":0,"queued":5,"min_latency":17,"max_latency":46766}

{"start_time":1305930740235,"one_sec_start":1305931219881,"one_sec_pkt_ct":12,"sent":8083,"received":8003,"in_progress":80,"errors":10,"sessions":80,"total_sessions_started":2071,"total_sessions_completed":1981,"total_sessions_error":10,"queued":0,"min_latency":17,"max_latency":46766}

{"start_time":1305930740235,"one_sec_start":1305931229399,"one_sec_pkt_ct":20,"sent":8257,"received":8185,"in_progress":72,"errors":40,"sessions":77,"total_sessions_started":2141,"total_sessions_completed":2024,"total_sessions_error":40,"queued":5,"min_latency":17,"max_latency":46766}

{"start_time":1305930740235,"one_sec_start":1305931239644,"one_sec_pkt_ct":12,"sent":8403,"received":8316,"in_progress":87,"errors":62,"sessions":87,"total_sessions_started":2208,"total_sessions_completed":2059,"total_sessions_error":62,"queued":0,"min_latency":17,"max_latency":46766}

{"start_time":1305930740235,"one_sec_start":1305931250149,"one_sec_pkt_ct":4,"sent":8563,"received":8463,"in_progress":100,"errors":98,"sessions":103,"total_sessions_started":2285,"total_sessions_completed":2084,"total_sessions_error":98,"queued":3,"min_latency":17,"max_latency":46766}

{"start_time":1305930740235,"one_sec_start":1305931259409,"one_sec_pkt_ct":18,"sent":8710,"received":8598,"in_progress":112,"errors":128,"sessions":112,"total_sessions_started":2357,"total_sessions_completed":2117,"total_sessions_error":128,"queued":0,"min_latency":17,"max_latency":46766}

{"start_time":1305930740235,"one_sec_start":1305931269304,"one_sec_pkt_ct":20,"sent":8852,"received":8736,"in_progress":116,"errors":159,"sessions":118,"total_sessions_started":2427,"total_sessions_completed":2150,"total_sessions_error":159,"queued":2,"min_latency":17,"max_latency":46766}

