{"start_time":1305930602128,"one_sec_start":1305930611540,"one_sec_pkt_ct":19,"sent":169,"received":157,"in_progress":12,"errors":0,"sessions":12,"total_sessions_started":43,"total_sessions_completed":31,"total_sessions_error":0,"queued":0,"min_latency":20,"max_latency":6474}

{"start_time":1305930602128,"one_sec_start":1305930622008,"one_sec_pkt_ct":5,"sent":319,"received":314,"in_progress":5,"errors":0,"sessions":7,"total_sessions_started":74,"total_sessions_completed":67,"total_sessions_error":0,"queued":2,"min_latency":20,"max_latency":6864}

{"start_time":1305930602128,"one_sec_start":1305930631168,"one_sec_pkt_ct":18,"sent":472,"received":467,"in_progress":5,"errors":0,"sessions":5,"total_sessions_started":106,"total_sessions_completed":101,"total_sessions_error":0,"queued":0,"min_latency":19,"max_latency":6864}

{"start_time":1305930602128,"one_sec_start":1305930641561,"one_sec_pkt_ct":20,"sent":654,"received":650,"in_progress":4,"errors":0,"sessions":8,"total_sessions_started":151,"total_sessions_completed":143,"total_sessions_error":0,"queued":4,"min_latency":18,"max_latency":6864}

{"start_time":1305930602128,"one_sec_start":1305930651040,"one_sec_pkt_ct":20,"sent":814,"received":808,"in_progress":6,"errors":0,"sessions":7,"total_sessions_started":186,"total_sessions_completed":179,"total_sessions_error":0,"queued":1,"min_latency":18,"max_latency":6864}

{"start_time":1305930602128,"one_sec_start":1305930661487,"one_sec_pkt_ct":12,"sent":966,"received":958,"in_progress":8,"errors":0,"sessions":10,"total_sessions_started":223,"total_sessions_completed":213,"total_sessions_error":0,"queued":2,"min_latency":18,"max_latency":6864}

{"start_time":1305930602128,"one_sec_start":1305930671102,"one_sec_pkt_ct":20,"sent":1132,"received":1130,"in_progress":2,"errors":0,"sessions":4,"total_sessions_started":263,"total_sessions_completed":259,"total_sessions_error":0,"queued":2,"min_latency":18,"max_latency":6864}

{"start_time":1305930602128,"one_sec_start":1305930681333,"one_sec_pkt_ct":20,"sent":1292,"received":1287,"in_progress":5,"errors":0,"sessions":8,"total_sessions_started":305,"total_sessions_completed":297,"total_sessions_error":0,"queued":3,"min_latency":18,"max_latency":6864}

