{"start_time":1305923853529,"one_sec_start":1305923862662,"one_sec_pkt_ct":20,"sent":173,"received":173,"in_progress":0,"errors":0,"sessions":8,"total_sessions_started":47,"total_sessions_completed":39,"total_sessions_error":0,"queued":8,"min_latency":18,"max_latency":4193}

{"start_time":1305923853529,"one_sec_start":1305923873452,"one_sec_pkt_ct":6,"sent":339,"received":330,"in_progress":9,"errors":0,"sessions":12,"total_sessions_started":83,"total_sessions_completed":71,"total_sessions_error":0,"queued":3,"min_latency":18,"max_latency":4193}

{"start_time":1305923853529,"one_sec_start":1305923882540,"one_sec_pkt_ct":20,"sent":509,"received":509,"in_progress":0,"errors":0,"sessions":5,"total_sessions_started":127,"total_sessions_completed":122,"total_sessions_error":0,"queued":5,"min_latency":18,"max_latency":4261}

{"start_time":1305923853529,"one_sec_start":1305923893189,"one_sec_pkt_ct":10,"sent":675,"received":673,"in_progress":2,"errors":0,"sessions":4,"total_sessions_started":173,"total_sessions_completed":169,"total_sessions_error":0,"queued":2,"min_latency":18,"max_latency":4261}

{"start_time":1305923853529,"one_sec_start":1305923902624,"one_sec_pkt_ct":20,"sent":844,"received":839,"in_progress":5,"errors":0,"sessions":8,"total_sessions_started":220,"total_sessions_completed":212,"total_sessions_error":0,"queued":3,"min_latency":18,"max_latency":4261}

{"start_time":1305923853529,"one_sec_start":1305923913255,"one_sec_pkt_ct":8,"sent":1008,"received":1008,"in_progress":0,"errors":0,"sessions":2,"total_sessions_started":253,"total_sessions_completed":251,"total_sessions_error":0,"queued":2,"min_latency":18,"max_latency":4596}

{"start_time":1305923853529,"one_sec_start":1305923923477,"one_sec_pkt_ct":2,"sent":1160,"received":1154,"in_progress":6,"errors":0,"sessions":8,"total_sessions_started":292,"total_sessions_completed":284,"total_sessions_error":0,"queued":2,"min_latency":18,"max_latency":4596}

{"start_time":1305923853529,"one_sec_start":1305923932684,"one_sec_pkt_ct":11,"sent":1325,"received":1312,"in_progress":13,"errors":0,"sessions":14,"total_sessions_started":340,"total_sessions_completed":326,"total_sessions_error":0,"queued":1,"min_latency":18,"max_latency":4596}

{"start_time":1305923853529,"one_sec_start":1305923943164,"one_sec_pkt_ct":14,"sent":1506,"received":1494,"in_progress":12,"errors":0,"sessions":12,"total_sessions_started":384,"total_sessions_completed":372,"total_sessions_error":0,"queued":0,"min_latency":18,"max_latency":12033}

{"start_time":1305923853529,"one_sec_start":1305923952541,"one_sec_pkt_ct":20,"sent":1665,"received":1651,"in_progress":14,"errors":0,"sessions":19,"total_sessions_started":426,"total_sessions_completed":407,"total_sessions_error":0,"queued":5,"min_latency":18,"max_latency":12033}

{"start_time":1305923853529,"one_sec_start":1305923962968,"one_sec_pkt_ct":20,"sent":1841,"received":1833,"in_progress":8,"errors":0,"sessions":9,"total_sessions_started":466,"total_sessions_completed":457,"total_sessions_error":0,"queued":1,"min_latency":18,"max_latency":12033}

{"start_time":1305923853529,"one_sec_start":1305923973410,"one_sec_pkt_ct":8,"sent":2004,"received":1993,"in_progress":11,"errors":0,"sessions":11,"total_sessions_started":511,"total_sessions_completed":500,"total_sessions_error":0,"queued":0,"min_latency":18,"max_latency":12033}

{"start_time":1305923853529,"one_sec_start":1305923982517,"one_sec_pkt_ct":20,"sent":2171,"received":2155,"in_progress":16,"errors":0,"sessions":19,"total_sessions_started":562,"total_sessions_completed":543,"total_sessions_error":0,"queued":3,"min_latency":18,"max_latency":12033}

{"start_time":1305923853529,"one_sec_start":1305923992925,"one_sec_pkt_ct":20,"sent":2351,"received":2344,"in_progress":7,"errors":0,"sessions":8,"total_sessions_started":596,"total_sessions_completed":588,"total_sessions_error":0,"queued":1,"min_latency":18,"max_latency":12033}

{"start_time":1305923853529,"one_sec_start":1305924002868,"one_sec_pkt_ct":5,"sent":2508,"received":2498,"in_progress":10,"errors":0,"sessions":12,"total_sessions_started":630,"total_sessions_completed":618,"total_sessions_error":0,"queued":2,"min_latency":18,"max_latency":12033}

{"start_time":1305923853529,"one_sec_start":1305924012595,"one_sec_pkt_ct":20,"sent":2684,"received":2674,"in_progress":10,"errors":0,"sessions":11,"total_sessions_started":673,"total_sessions_completed":662,"total_sessions_error":0,"queued":1,"min_latency":18,"max_latency":12033}

{"start_time":1305923853529,"one_sec_start":1305924023233,"one_sec_pkt_ct":12,"sent":2855,"received":2837,"in_progress":18,"errors":0,"sessions":18,"total_sessions_started":718,"total_sessions_completed":700,"total_sessions_error":0,"queued":0,"min_latency":18,"max_latency":12033}

{"start_time":1305923853529,"one_sec_start":1305924032907,"one_sec_pkt_ct":15,"sent":3024,"received":3011,"in_progress":13,"errors":0,"sessions":15,"total_sessions_started":763,"total_sessions_completed":748,"total_sessions_error":0,"queued":2,"min_latency":17,"max_latency":46827}

{"start_time":1305923853529,"one_sec_start":1305924042733,"one_sec_pkt_ct":17,"sent":3199,"received":3190,"in_progress":9,"errors":1,"sessions":12,"total_sessions_started":804,"total_sessions_completed":791,"total_sessions_error":1,"queued":3,"min_latency":17,"max_latency":60028}

{"start_time":1305923853529,"one_sec_start":1305924052625,"one_sec_pkt_ct":13,"sent":3347,"received":3345,"in_progress":2,"errors":2,"sessions":3,"total_sessions_started":834,"total_sessions_completed":829,"total_sessions_error":2,"queued":1,"min_latency":17,"max_latency":60028}

{"start_time":1305923853529,"one_sec_start":1305924062826,"one_sec_pkt_ct":8,"sent":3518,"received":3511,"in_progress":7,"errors":2,"sessions":8,"total_sessions_started":877,"total_sessions_completed":867,"total_sessions_error":2,"queued":1,"min_latency":17,"max_latency":60028}

{"start_time":1305923853529,"one_sec_start":1305924073132,"one_sec_pkt_ct":8,"sent":3692,"received":3687,"in_progress":5,"errors":2,"sessions":9,"total_sessions_started":918,"total_sessions_completed":907,"total_sessions_error":2,"queued":4,"min_latency":17,"max_latency":60028}

{"start_time":1305923853529,"one_sec_start":1305924083168,"one_sec_pkt_ct":5,"sent":3867,"received":3861,"in_progress":6,"errors":2,"sessions":8,"total_sessions_started":956,"total_sessions_completed":946,"total_sessions_error":2,"queued":2,"min_latency":17,"max_latency":60028}

{"start_time":1305923853529,"one_sec_start":1305924093445,"one_sec_pkt_ct":4,"sent":4039,"received":4027,"in_progress":12,"errors":2,"sessions":12,"total_sessions_started":999,"total_sessions_completed":985,"total_sessions_error":2,"queued":0,"min_latency":17,"max_latency":60028}

{"start_time":1305923853529,"one_sec_start":1305924103106,"one_sec_pkt_ct":8,"sent":4213,"received":4206,"in_progress":7,"errors":2,"sessions":10,"total_sessions_started":1039,"total_sessions_completed":1027,"total_sessions_error":2,"queued":3,"min_latency":17,"max_latency":60028}

{"start_time":1305923853529,"one_sec_start":1305924113206,"one_sec_pkt_ct":14,"sent":4374,"received":4344,"in_progress":30,"errors":2,"sessions":30,"total_sessions_started":1089,"total_sessions_completed":1057,"total_sessions_error":2,"queued":0,"min_latency":17,"max_latency":60028}

{"start_time":1305923853529,"one_sec_start":1305924122763,"one_sec_pkt_ct":17,"sent":4552,"received":4541,"in_progress":11,"errors":2,"sessions":14,"total_sessions_started":1118,"total_sessions_completed":1102,"total_sessions_error":2,"queued":3,"min_latency":17,"max_latency":60028}

{"start_time":1305923853529,"one_sec_start":1305924132920,"one_sec_pkt_ct":14,"sent":4715,"received":4698,"in_progress":17,"errors":2,"sessions":17,"total_sessions_started":1159,"total_sessions_completed":1140,"total_sessions_error":2,"queued":0,"min_latency":17,"max_latency":60028}

{"start_time":1305923853529,"one_sec_start":1305924142988,"one_sec_pkt_ct":9,"sent":4887,"received":4872,"in_progress":15,"errors":2,"sessions":16,"total_sessions_started":1201,"total_sessions_completed":1183,"total_sessions_error":2,"queued":1,"min_latency":17,"max_latency":60028}

{"start_time":1305923853529,"one_sec_start":1305924152502,"one_sec_pkt_ct":20,"sent":5076,"received":5059,"in_progress":17,"errors":2,"sessions":18,"total_sessions_started":1249,"total_sessions_completed":1229,"total_sessions_error":2,"queued":1,"min_latency":17,"max_latency":60028}

{"start_time":1305923853529,"one_sec_start":1305924162930,"one_sec_pkt_ct":11,"sent":5265,"received":5259,"in_progress":6,"errors":2,"sessions":7,"total_sessions_started":1293,"total_sessions_completed":1284,"total_sessions_error":2,"queued":1,"min_latency":17,"max_latency":60028}

{"start_time":1305923853529,"one_sec_start":1305924173514,"one_sec_pkt_ct":1,"sent":5453,"received":5443,"in_progress":10,"errors":2,"sessions":12,"total_sessions_started":1339,"total_sessions_completed":1325,"total_sessions_error":2,"queued":2,"min_latency":17,"max_latency":60028}

{"start_time":1305923853529,"one_sec_start":1305924182905,"one_sec_pkt_ct":13,"sent":5621,"received":5609,"in_progress":12,"errors":2,"sessions":14,"total_sessions_started":1386,"total_sessions_completed":1370,"total_sessions_error":2,"queued":2,"min_latency":17,"max_latency":60028}

{"start_time":1305923853529,"one_sec_start":1305924193272,"one_sec_pkt_ct":2,"sent":5775,"received":5763,"in_progress":12,"errors":2,"sessions":17,"total_sessions_started":1427,"total_sessions_completed":1408,"total_sessions_error":2,"queued":5,"min_latency":17,"max_latency":60028}

{"start_time":1305923853529,"one_sec_start":1305924202815,"one_sec_pkt_ct":11,"sent":5961,"received":5942,"in_progress":19,"errors":2,"sessions":20,"total_sessions_started":1473,"total_sessions_completed":1451,"total_sessions_error":2,"queued":1,"min_latency":17,"max_latency":60028}

{"start_time":1305923853529,"one_sec_start":1305924213324,"one_sec_pkt_ct":3,"sent":6145,"received":6122,"in_progress":23,"errors":2,"sessions":25,"total_sessions_started":1522,"total_sessions_completed":1495,"total_sessions_error":2,"queued":2,"min_latency":17,"max_latency":60028}

{"start_time":1305923853529,"one_sec_start":1305924222800,"one_sec_pkt_ct":20,"sent":6323,"received":6293,"in_progress":30,"errors":2,"sessions":36,"total_sessions_started":1575,"total_sessions_completed":1537,"total_sessions_error":2,"queued":6,"min_latency":17,"max_latency":60028}

{"start_time":1305923853529,"one_sec_start":1305924233222,"one_sec_pkt_ct":10,"sent":6493,"received":6448,"in_progress":45,"errors":2,"sessions":45,"total_sessions_started":1624,"total_sessions_completed":1577,"total_sessions_error":2,"queued":0,"min_latency":17,"max_latency":60028}

{"start_time":1305923853529,"one_sec_start":1305924242678,"one_sec_pkt_ct":13,"sent":6671,"received":6662,"in_progress":9,"errors":2,"sessions":10,"total_sessions_started":1652,"total_sessions_completed":1640,"total_sessions_error":2,"queued":1,"min_latency":17,"max_latency":60028}

{"start_time":1305923853529,"one_sec_start":1305924253343,"one_sec_pkt_ct":3,"sent":6853,"received":6820,"in_progress":33,"errors":2,"sessions":37,"total_sessions_started":1713,"total_sessions_completed":1674,"total_sessions_error":2,"queued":4,"min_latency":17,"max_latency":60028}

{"start_time":1305923853529,"one_sec_start":1305924262696,"one_sec_pkt_ct":20,"sent":7035,"received":6982,"in_progress":53,"errors":2,"sessions":61,"total_sessions_started":1764,"total_sessions_completed":1701,"total_sessions_error":2,"queued":8,"min_latency":17,"max_latency":60028}

{"start_time":1305923853529,"one_sec_start":1305924273435,"one_sec_pkt_ct":7,"sent":7214,"received":7184,"in_progress":30,"errors":2,"sessions":30,"total_sessions_started":1790,"total_sessions_completed":1758,"total_sessions_error":2,"queued":0,"min_latency":17,"max_latency":60028}

{"start_time":1305923853529,"one_sec_start":1305924282676,"one_sec_pkt_ct":20,"sent":7398,"received":7372,"in_progress":26,"errors":2,"sessions":38,"total_sessions_started":1839,"total_sessions_completed":1799,"total_sessions_error":2,"queued":12,"min_latency":17,"max_latency":60028}

{"start_time":1305923853529,"one_sec_start":1305924292558,"one_sec_pkt_ct":20,"sent":7576,"received":7555,"in_progress":21,"errors":2,"sessions":27,"total_sessions_started":1871,"total_sessions_completed":1842,"total_sessions_error":2,"queued":6,"min_latency":17,"max_latency":60028}

{"start_time":1305923853529,"one_sec_start":1305924303059,"one_sec_pkt_ct":5,"sent":7738,"received":7715,"in_progress":23,"errors":2,"sessions":28,"total_sessions_started":1918,"total_sessions_completed":1888,"total_sessions_error":2,"queued":5,"min_latency":17,"max_latency":60028}

{"start_time":1305923853529,"one_sec_start":1305924312536,"one_sec_pkt_ct":20,"sent":7916,"received":7881,"in_progress":35,"errors":6,"sessions":37,"total_sessions_started":1967,"total_sessions_completed":1924,"total_sessions_error":6,"queued":2,"min_latency":17,"max_latency":60028}

{"start_time":1305923853529,"one_sec_start":1305924322648,"one_sec_pkt_ct":6,"sent":8077,"received":8025,"in_progress":52,"errors":34,"sessions":52,"total_sessions_started":2040,"total_sessions_completed":1954,"total_sessions_error":34,"queued":0,"min_latency":17,"max_latency":60028}

{"start_time":1305923853529,"one_sec_start":1305924333156,"one_sec_pkt_ct":12,"sent":8231,"received":8168,"in_progress":63,"errors":63,"sessions":63,"total_sessions_started":2116,"total_sessions_completed":1990,"total_sessions_error":63,"queued":0,"min_latency":17,"max_latency":60028}

{"start_time":1305923853529,"one_sec_start":1305924342848,"one_sec_pkt_ct":20,"sent":8379,"received":8297,"in_progress":82,"errors":92,"sessions":83,"total_sessions_started":2192,"total_sessions_completed":2017,"total_sessions_error":92,"queued":1,"min_latency":17,"max_latency":60028}

{"start_time":1305923853529,"one_sec_start":1305924351901,"one_sec_pkt_ct":20,"sent":8505,"received":8429,"in_progress":76,"errors":128,"sessions":78,"total_sessions_started":2254,"total_sessions_completed":2048,"total_sessions_error":128,"queued":2,"min_latency":17,"max_latency":60028}

{"start_time":1305923853529,"one_sec_start":1305924362245,"one_sec_pkt_ct":20,"sent":8659,"received":8576,"in_progress":83,"errors":161,"sessions":85,"total_sessions_started":2331,"total_sessions_completed":2085,"total_sessions_error":161,"queued":2,"min_latency":17,"max_latency":60028}

{"start_time":1305923853529,"one_sec_start":1305924372867,"one_sec_pkt_ct":20,"sent":8818,"received":8715,"in_progress":103,"errors":193,"sessions":105,"total_sessions_started":2411,"total_sessions_completed":2113,"total_sessions_error":193,"queued":2,"min_latency":17,"max_latency":60028}

{"start_time":1305923853529,"one_sec_start":1305924383009,"one_sec_pkt_ct":20,"sent":8978,"received":8860,"in_progress":118,"errors":224,"sessions":119,"total_sessions_started":2490,"total_sessions_completed":2147,"total_sessions_error":224,"queued":1,"min_latency":17,"max_latency":60028}

{"start_time":1305923853529,"one_sec_start":1305924392898,"one_sec_pkt_ct":20,"sent":9136,"received":8998,"in_progress":138,"errors":252,"sessions":139,"total_sessions_started":2569,"total_sessions_completed":2178,"total_sessions_error":252,"queued":1,"min_latency":17,"max_latency":60028}

{"start_time":1305923853529,"one_sec_start":1305924403410,"one_sec_pkt_ct":6,"sent":9291,"received":9142,"in_progress":149,"errors":283,"sessions":149,"total_sessions_started":2646,"total_sessions_completed":2214,"total_sessions_error":283,"queued":0,"min_latency":17,"max_latency":60028}

{"start_time":1305923853529,"one_sec_start":1305924413183,"one_sec_pkt_ct":8,"sent":9453,"received":9285,"in_progress":168,"errors":313,"sessions":168,"total_sessions_started":2728,"total_sessions_completed":2247,"total_sessions_error":313,"queued":0,"min_latency":17,"max_latency":60028}

{"start_time":1305923853529,"one_sec_start":1305924422969,"one_sec_pkt_ct":20,"sent":9613,"received":9437,"in_progress":176,"errors":343,"sessions":177,"total_sessions_started":2808,"total_sessions_completed":2288,"total_sessions_error":343,"queued":1,"min_latency":17,"max_latency":60028}

{"start_time":1305923853529,"one_sec_start":1305924432632,"one_sec_pkt_ct":20,"sent":9765,"received":9581,"in_progress":184,"errors":377,"sessions":186,"total_sessions_started":2884,"total_sessions_completed":2321,"total_sessions_error":377,"queued":2,"min_latency":17,"max_latency":60028}

{"start_time":1305923853529,"one_sec_start":1305924442703,"one_sec_pkt_ct":20,"sent":9911,"received":9723,"in_progress":188,"errors":407,"sessions":191,"total_sessions_started":2957,"total_sessions_completed":2359,"total_sessions_error":407,"queued":3,"min_latency":17,"max_latency":86393}

{"start_time":1305923853529,"one_sec_start":1305924452684,"one_sec_pkt_ct":20,"sent":10066,"received":9852,"in_progress":214,"errors":435,"sessions":217,"total_sessions_started":3035,"total_sessions_completed":2383,"total_sessions_error":435,"queued":3,"min_latency":17,"max_latency":86393}

{"start_time":1305923853529,"one_sec_start":1305924463197,"one_sec_pkt_ct":12,"sent":10209,"received":9993,"in_progress":216,"errors":466,"sessions":216,"total_sessions_started":3106,"total_sessions_completed":2424,"total_sessions_error":466,"queued":0,"min_latency":17,"max_latency":86393}

{"start_time":1305923853529,"one_sec_start":1305924472729,"one_sec_pkt_ct":19,"sent":10354,"received":10125,"in_progress":229,"errors":497,"sessions":229,"total_sessions_started":3178,"total_sessions_completed":2452,"total_sessions_error":497,"queued":0,"min_latency":17,"max_latency":117765}

{"start_time":1305923853529,"one_sec_start":1305924483316,"one_sec_pkt_ct":3,"sent":10506,"received":10248,"in_progress":258,"errors":521,"sessions":260,"total_sessions_started":3254,"total_sessions_completed":2473,"total_sessions_error":521,"queued":2,"min_latency":17,"max_latency":117765}

{"start_time":1305923853529,"one_sec_start":1305924493337,"one_sec_pkt_ct":2,"sent":10658,"received":10373,"in_progress":285,"errors":541,"sessions":287,"total_sessions_started":3330,"total_sessions_completed":2502,"total_sessions_error":541,"queued":2,"min_latency":17,"max_latency":117765}

{"start_time":1305923853529,"one_sec_start":1305924502999,"one_sec_pkt_ct":18,"sent":10826,"received":10505,"in_progress":321,"errors":567,"sessions":321,"total_sessions_started":3415,"total_sessions_completed":2527,"total_sessions_error":567,"queued":0,"min_latency":17,"max_latency":117765}

{"start_time":1305923853529,"one_sec_start":1305924512989,"one_sec_pkt_ct":15,"sent":10968,"received":10622,"in_progress":346,"errors":590,"sessions":346,"total_sessions_started":3485,"total_sessions_completed":2549,"total_sessions_error":590,"queued":0,"min_latency":17,"max_latency":117765}

{"start_time":1305923853529,"one_sec_start":1305924521928,"one_sec_pkt_ct":20,"sent":11107,"received":10749,"in_progress":358,"errors":621,"sessions":362,"total_sessions_started":3556,"total_sessions_completed":2573,"total_sessions_error":621,"queued":4,"min_latency":17,"max_latency":121050}

{"start_time":1305923853529,"one_sec_start":1305924533495,"one_sec_pkt_ct":1,"sent":11259,"received":10860,"in_progress":399,"errors":640,"sessions":399,"total_sessions_started":3631,"total_sessions_completed":2592,"total_sessions_error":640,"queued":0,"min_latency":17,"max_latency":121050}

{"start_time":1305923853529,"one_sec_start":1305924543027,"one_sec_pkt_ct":5,"sent":11403,"received":10999,"in_progress":404,"errors":672,"sessions":404,"total_sessions_started":3702,"total_sessions_completed":2626,"total_sessions_error":672,"queued":0,"min_latency":17,"max_latency":121050}

{"start_time":1305923853529,"one_sec_start":1305924552708,"one_sec_pkt_ct":20,"sent":11563,"received":11143,"in_progress":420,"errors":708,"sessions":422,"total_sessions_started":3783,"total_sessions_completed":2653,"total_sessions_error":708,"queued":2,"min_latency":17,"max_latency":121050}

