{"start_time":1305925825656,"one_sec_start":1305925835161,"one_sec_pkt_ct":13,"sent":173,"received":169,"in_progress":4,"errors":0,"sessions":4,"total_sessions_started":43,"total_sessions_completed":39,"total_sessions_error":0,"queued":0,"min_latency":19,"max_latency":3430}

{"start_time":1305925825656,"one_sec_start":1305925844145,"one_sec_pkt_ct":20,"sent":340,"received":340,"in_progress":0,"errors":0,"sessions":1,"total_sessions_started":80,"total_sessions_completed":79,"total_sessions_error":0,"queued":1,"min_latency":19,"max_latency":4382}

{"start_time":1305925825656,"one_sec_start":1305925855012,"one_sec_pkt_ct":20,"sent":513,"received":503,"in_progress":10,"errors":0,"sessions":11,"total_sessions_started":129,"total_sessions_completed":118,"total_sessions_error":0,"queued":1,"min_latency":19,"max_latency":4382}

{"start_time":1305925825656,"one_sec_start":1305925865116,"one_sec_pkt_ct":15,"sent":668,"received":661,"in_progress":7,"errors":0,"sessions":7,"total_sessions_started":168,"total_sessions_completed":161,"total_sessions_error":0,"queued":0,"min_latency":18,"max_latency":4382}

{"start_time":1305925825656,"one_sec_start":1305925874981,"one_sec_pkt_ct":20,"sent":833,"received":826,"in_progress":7,"errors":0,"sessions":12,"total_sessions_started":214,"total_sessions_completed":202,"total_sessions_error":0,"queued":5,"min_latency":17,"max_latency":4382}

{"start_time":1305925825656,"one_sec_start":1305925884767,"one_sec_pkt_ct":20,"sent":993,"received":990,"in_progress":3,"errors":0,"sessions":7,"total_sessions_started":247,"total_sessions_completed":240,"total_sessions_error":0,"queued":4,"min_latency":17,"max_latency":4454}

{"start_time":1305925825656,"one_sec_start":1305925894616,"one_sec_pkt_ct":20,"sent":1153,"received":1150,"in_progress":3,"errors":0,"sessions":4,"total_sessions_started":285,"total_sessions_completed":281,"total_sessions_error":0,"queued":1,"min_latency":17,"max_latency":4454}

{"start_time":1305925825656,"one_sec_start":1305925905630,"one_sec_pkt_ct":1,"sent":1306,"received":1298,"in_progress":8,"errors":0,"sessions":13,"total_sessions_started":334,"total_sessions_completed":321,"total_sessions_error":0,"queued":5,"min_latency":17,"max_latency":4454}

{"start_time":1305925825656,"one_sec_start":1305925915073,"one_sec_pkt_ct":8,"sent":1473,"received":1468,"in_progress":5,"errors":0,"sessions":6,"total_sessions_started":367,"total_sessions_completed":361,"total_sessions_error":0,"queued":1,"min_latency":17,"max_latency":4454}

{"start_time":1305925825656,"one_sec_start":1305925925008,"one_sec_pkt_ct":20,"sent":1645,"received":1640,"in_progress":5,"errors":0,"sessions":6,"total_sessions_started":405,"total_sessions_completed":399,"total_sessions_error":0,"queued":1,"min_latency":17,"max_latency":4454}

{"start_time":1305925825656,"one_sec_start":1305925935651,"one_sec_pkt_ct":1,"sent":1786,"received":1781,"in_progress":5,"errors":0,"sessions":8,"total_sessions_started":439,"total_sessions_completed":431,"total_sessions_error":0,"queued":3,"min_latency":17,"max_latency":4454}

{"start_time":1305925825656,"one_sec_start":1305925945114,"one_sec_pkt_ct":20,"sent":1976,"received":1964,"in_progress":12,"errors":0,"sessions":13,"total_sessions_started":495,"total_sessions_completed":482,"total_sessions_error":0,"queued":1,"min_latency":17,"max_latency":4454}

{"start_time":1305925825656,"one_sec_start":1305925955089,"one_sec_pkt_ct":20,"sent":2131,"received":2119,"in_progress":12,"errors":0,"sessions":13,"total_sessions_started":536,"total_sessions_completed":523,"total_sessions_error":0,"queued":1,"min_latency":17,"max_latency":4454}

{"start_time":1305925825656,"one_sec_start":1305925965265,"one_sec_pkt_ct":5,"sent":2286,"received":2283,"in_progress":3,"errors":0,"sessions":6,"total_sessions_started":575,"total_sessions_completed":569,"total_sessions_error":0,"queued":3,"min_latency":17,"max_latency":4454}

{"start_time":1305925825656,"one_sec_start":1305925975379,"one_sec_pkt_ct":5,"sent":2466,"received":2460,"in_progress":6,"errors":0,"sessions":6,"total_sessions_started":619,"total_sessions_completed":613,"total_sessions_error":0,"queued":0,"min_latency":17,"max_latency":4454}

{"start_time":1305925825656,"one_sec_start":1305925984843,"one_sec_pkt_ct":20,"sent":2658,"received":2657,"in_progress":1,"errors":0,"sessions":6,"total_sessions_started":668,"total_sessions_completed":662,"total_sessions_error":0,"queued":5,"min_latency":17,"max_latency":4454}

{"start_time":1305925825656,"one_sec_start":1305925995113,"one_sec_pkt_ct":20,"sent":2818,"received":2809,"in_progress":9,"errors":0,"sessions":11,"total_sessions_started":710,"total_sessions_completed":699,"total_sessions_error":0,"queued":2,"min_latency":17,"max_latency":4454}

{"start_time":1305925825656,"one_sec_start":1305926005108,"one_sec_pkt_ct":20,"sent":2970,"received":2953,"in_progress":17,"errors":0,"sessions":19,"total_sessions_started":755,"total_sessions_completed":736,"total_sessions_error":0,"queued":2,"min_latency":17,"max_latency":4454}

{"start_time":1305925825656,"one_sec_start":1305926015510,"one_sec_pkt_ct":5,"sent":3127,"received":3117,"in_progress":10,"errors":0,"sessions":10,"total_sessions_started":788,"total_sessions_completed":778,"total_sessions_error":0,"queued":0,"min_latency":17,"max_latency":14382}

{"start_time":1305925825656,"one_sec_start":1305926024802,"one_sec_pkt_ct":20,"sent":3296,"received":3284,"in_progress":12,"errors":0,"sessions":13,"total_sessions_started":833,"total_sessions_completed":820,"total_sessions_error":0,"queued":1,"min_latency":17,"max_latency":14382}

{"start_time":1305925825656,"one_sec_start":1305926035397,"one_sec_pkt_ct":3,"sent":3449,"received":3446,"in_progress":3,"errors":0,"sessions":5,"total_sessions_started":866,"total_sessions_completed":861,"total_sessions_error":0,"queued":2,"min_latency":17,"max_latency":24028}

{"start_time":1305925825656,"one_sec_start":1305926045282,"one_sec_pkt_ct":8,"sent":3614,"received":3598,"in_progress":16,"errors":0,"sessions":19,"total_sessions_started":913,"total_sessions_completed":894,"total_sessions_error":0,"queued":3,"min_latency":17,"max_latency":24028}

{"start_time":1305925825656,"one_sec_start":1305926055329,"one_sec_pkt_ct":2,"sent":3778,"received":3773,"in_progress":5,"errors":0,"sessions":7,"total_sessions_started":954,"total_sessions_completed":947,"total_sessions_error":0,"queued":2,"min_latency":17,"max_latency":24028}

{"start_time":1305925825656,"one_sec_start":1305926064801,"one_sec_pkt_ct":20,"sent":3963,"received":3948,"in_progress":15,"errors":0,"sessions":16,"total_sessions_started":1008,"total_sessions_completed":992,"total_sessions_error":0,"queued":1,"min_latency":17,"max_latency":24028}

{"start_time":1305925825656,"one_sec_start":1305926075386,"one_sec_pkt_ct":5,"sent":4120,"received":4109,"in_progress":11,"errors":0,"sessions":12,"total_sessions_started":1045,"total_sessions_completed":1033,"total_sessions_error":0,"queued":1,"min_latency":17,"max_latency":24028}

{"start_time":1305925825656,"one_sec_start":1305926085326,"one_sec_pkt_ct":7,"sent":4282,"received":4273,"in_progress":9,"errors":0,"sessions":16,"total_sessions_started":1091,"total_sessions_completed":1075,"total_sessions_error":0,"queued":7,"min_latency":17,"max_latency":24028}

{"start_time":1305925825656,"one_sec_start":1305926095300,"one_sec_pkt_ct":5,"sent":4459,"received":4449,"in_progress":10,"errors":0,"sessions":14,"total_sessions_started":1130,"total_sessions_completed":1116,"total_sessions_error":0,"queued":4,"min_latency":17,"max_latency":24028}

{"start_time":1305925825656,"one_sec_start":1305926105504,"one_sec_pkt_ct":11,"sent":4639,"received":4621,"in_progress":18,"errors":0,"sessions":18,"total_sessions_started":1175,"total_sessions_completed":1157,"total_sessions_error":0,"queued":0,"min_latency":17,"max_latency":24028}

{"start_time":1305925825656,"one_sec_start":1305926115437,"one_sec_pkt_ct":1,"sent":4808,"received":4795,"in_progress":13,"errors":0,"sessions":15,"total_sessions_started":1217,"total_sessions_completed":1202,"total_sessions_error":0,"queued":2,"min_latency":17,"max_latency":24028}

{"start_time":1305925825656,"one_sec_start":1305926124968,"one_sec_pkt_ct":6,"sent":4960,"received":4948,"in_progress":12,"errors":0,"sessions":12,"total_sessions_started":1258,"total_sessions_completed":1246,"total_sessions_error":0,"queued":0,"min_latency":17,"max_latency":24028}

{"start_time":1305925825656,"one_sec_start":1305926135148,"one_sec_pkt_ct":4,"sent":5153,"received":5148,"in_progress":5,"errors":0,"sessions":6,"total_sessions_started":1298,"total_sessions_completed":1292,"total_sessions_error":0,"queued":1,"min_latency":17,"max_latency":24028}

{"start_time":1305925825656,"one_sec_start":1305926145311,"one_sec_pkt_ct":8,"sent":5325,"received":5311,"in_progress":14,"errors":0,"sessions":15,"total_sessions_started":1340,"total_sessions_completed":1325,"total_sessions_error":0,"queued":1,"min_latency":17,"max_latency":24028}

{"start_time":1305925825656,"one_sec_start":1305926155439,"one_sec_pkt_ct":7,"sent":5501,"received":5489,"in_progress":12,"errors":0,"sessions":15,"total_sessions_started":1390,"total_sessions_completed":1375,"total_sessions_error":0,"queued":3,"min_latency":17,"max_latency":24028}

{"start_time":1305925825656,"one_sec_start":1305926165504,"one_sec_pkt_ct":2,"sent":5675,"received":5652,"in_progress":23,"errors":0,"sessions":32,"total_sessions_started":1437,"total_sessions_completed":1405,"total_sessions_error":0,"queued":9,"min_latency":17,"max_latency":24028}

{"start_time":1305925825656,"one_sec_start":1305926174478,"one_sec_pkt_ct":20,"sent":5839,"received":5831,"in_progress":8,"errors":0,"sessions":14,"total_sessions_started":1475,"total_sessions_completed":1461,"total_sessions_error":0,"queued":6,"min_latency":17,"max_latency":24028}

{"start_time":1305925825656,"one_sec_start":1305926185457,"one_sec_pkt_ct":3,"sent":6009,"received":5986,"in_progress":23,"errors":0,"sessions":26,"total_sessions_started":1520,"total_sessions_completed":1494,"total_sessions_error":0,"queued":3,"min_latency":17,"max_latency":24028}

{"start_time":1305925825656,"one_sec_start":1305926195559,"one_sec_pkt_ct":8,"sent":6198,"received":6169,"in_progress":29,"errors":0,"sessions":29,"total_sessions_started":1567,"total_sessions_completed":1538,"total_sessions_error":0,"queued":0,"min_latency":17,"max_latency":24028}

{"start_time":1305925825656,"one_sec_start":1305926204932,"one_sec_pkt_ct":20,"sent":6384,"received":6363,"in_progress":21,"errors":0,"sessions":21,"total_sessions_started":1604,"total_sessions_completed":1583,"total_sessions_error":0,"queued":0,"min_latency":17,"max_latency":24028}

{"start_time":1305925825656,"one_sec_start":1305926215340,"one_sec_pkt_ct":6,"sent":6564,"received":6551,"in_progress":13,"errors":0,"sessions":15,"total_sessions_started":1642,"total_sessions_completed":1627,"total_sessions_error":0,"queued":2,"min_latency":17,"max_latency":24028}

{"start_time":1305925825656,"one_sec_start":1305926225601,"one_sec_pkt_ct":2,"sent":6736,"received":6720,"in_progress":16,"errors":0,"sessions":18,"total_sessions_started":1688,"total_sessions_completed":1670,"total_sessions_error":0,"queued":2,"min_latency":17,"max_latency":24028}

{"start_time":1305925825656,"one_sec_start":1305926235247,"one_sec_pkt_ct":11,"sent":6913,"received":6891,"in_progress":22,"errors":0,"sessions":23,"total_sessions_started":1730,"total_sessions_completed":1707,"total_sessions_error":0,"queued":1,"min_latency":17,"max_latency":24028}

{"start_time":1305925825656,"one_sec_start":1305926245336,"one_sec_pkt_ct":2,"sent":7069,"received":7036,"in_progress":33,"errors":0,"sessions":35,"total_sessions_started":1779,"total_sessions_completed":1744,"total_sessions_error":0,"queued":2,"min_latency":17,"max_latency":24028}

{"start_time":1305925825656,"one_sec_start":1305926254913,"one_sec_pkt_ct":20,"sent":7242,"received":7193,"in_progress":49,"errors":0,"sessions":52,"total_sessions_started":1837,"total_sessions_completed":1785,"total_sessions_error":0,"queued":3,"min_latency":17,"max_latency":24028}

{"start_time":1305925825656,"one_sec_start":1305926265179,"one_sec_pkt_ct":9,"sent":7411,"received":7356,"in_progress":55,"errors":0,"sessions":61,"total_sessions_started":1885,"total_sessions_completed":1824,"total_sessions_error":0,"queued":6,"min_latency":17,"max_latency":24028}

{"start_time":1305925825656,"one_sec_start":1305926275366,"one_sec_pkt_ct":20,"sent":7611,"received":7570,"in_progress":41,"errors":0,"sessions":41,"total_sessions_started":1922,"total_sessions_completed":1881,"total_sessions_error":0,"queued":0,"min_latency":17,"max_latency":24028}

{"start_time":1305925825656,"one_sec_start":1305926284999,"one_sec_pkt_ct":7,"sent":7772,"received":7745,"in_progress":27,"errors":0,"sessions":30,"total_sessions_started":1958,"total_sessions_completed":1928,"total_sessions_error":0,"queued":3,"min_latency":17,"max_latency":24028}

{"start_time":1305925825656,"one_sec_start":1305926295291,"one_sec_pkt_ct":5,"sent":7945,"received":7893,"in_progress":52,"errors":0,"sessions":55,"total_sessions_started":2015,"total_sessions_completed":1960,"total_sessions_error":0,"queued":3,"min_latency":17,"max_latency":24028}

{"start_time":1305925825656,"one_sec_start":1305926304748,"one_sec_pkt_ct":20,"sent":8111,"received":8034,"in_progress":77,"errors":10,"sessions":78,"total_sessions_started":2078,"total_sessions_completed":1990,"total_sessions_error":10,"queued":1,"min_latency":17,"max_latency":24028}

