{"start_time":1305931559443,"one_sec_start":1305931568063,"one_sec_pkt_ct":20,"sent":160,"received":159,"in_progress":1,"errors":0,"sessions":5,"total_sessions_started":46,"total_sessions_completed":41,"total_sessions_error":0,"queued":4,"min_latency":19,"max_latency":3109}

{"start_time":1305931559443,"one_sec_start":1305931578691,"one_sec_pkt_ct":20,"sent":320,"received":316,"in_progress":4,"errors":0,"sessions":6,"total_sessions_started":82,"total_sessions_completed":76,"total_sessions_error":0,"queued":2,"min_latency":19,"max_latency":3109}

{"start_time":1305931559443,"one_sec_start":1305931588559,"one_sec_pkt_ct":20,"sent":493,"received":488,"in_progress":5,"errors":0,"sessions":6,"total_sessions_started":119,"total_sessions_completed":113,"total_sessions_error":0,"queued":1,"min_latency":18,"max_latency":3109}

{"start_time":1305931559443,"one_sec_start":1305931598654,"one_sec_pkt_ct":20,"sent":653,"received":647,"in_progress":6,"errors":0,"sessions":12,"total_sessions_started":162,"total_sessions_completed":150,"total_sessions_error":0,"queued":6,"min_latency":18,"max_latency":3109}

{"start_time":1305931559443,"one_sec_start":1305931608609,"one_sec_pkt_ct":20,"sent":823,"received":814,"in_progress":9,"errors":0,"sessions":11,"total_sessions_started":203,"total_sessions_completed":192,"total_sessions_error":0,"queued":2,"min_latency":17,"max_latency":3109}

{"start_time":1305931559443,"one_sec_start":1305931618892,"one_sec_pkt_ct":20,"sent":982,"received":973,"in_progress":9,"errors":0,"sessions":14,"total_sessions_started":248,"total_sessions_completed":234,"total_sessions_error":0,"queued":5,"min_latency":17,"max_latency":3109}

{"start_time":1305931559443,"one_sec_start":1305931629139,"one_sec_pkt_ct":8,"sent":1130,"received":1124,"in_progress":6,"errors":0,"sessions":6,"total_sessions_started":277,"total_sessions_completed":271,"total_sessions_error":0,"queued":0,"min_latency":17,"max_latency":3109}

