{"start_time":1305924887618,"one_sec_start":1305924896628,"one_sec_pkt_ct":20,"sent":174,"received":170,"in_progress":4,"errors":0,"sessions":13,"total_sessions_started":49,"total_sessions_completed":36,"total_sessions_error":0,"queued":9,"min_latency":21,"max_latency":3691}

{"start_time":1305924887618,"one_sec_start":1305924907435,"one_sec_pkt_ct":4,"sent":332,"received":328,"in_progress":4,"errors":0,"sessions":7,"total_sessions_started":88,"total_sessions_completed":81,"total_sessions_error":0,"queued":3,"min_latency":19,"max_latency":3691}

{"start_time":1305924887618,"one_sec_start":1305924917365,"one_sec_pkt_ct":4,"sent":503,"received":492,"in_progress":11,"errors":0,"sessions":12,"total_sessions_started":134,"total_sessions_completed":122,"total_sessions_error":0,"queued":1,"min_latency":19,"max_latency":3691}

{"start_time":1305924887618,"one_sec_start":1305924927376,"one_sec_pkt_ct":13,"sent":672,"received":669,"in_progress":3,"errors":0,"sessions":3,"total_sessions_started":168,"total_sessions_completed":165,"total_sessions_error":0,"queued":0,"min_latency":19,"max_latency":3691}

{"start_time":1305924887618,"one_sec_start":1305924936812,"one_sec_pkt_ct":20,"sent":830,"received":820,"in_progress":10,"errors":0,"sessions":11,"total_sessions_started":214,"total_sessions_completed":203,"total_sessions_error":0,"queued":1,"min_latency":19,"max_latency":3691}

{"start_time":1305924887618,"one_sec_start":1305924947387,"one_sec_pkt_ct":1,"sent":991,"received":986,"in_progress":5,"errors":0,"sessions":7,"total_sessions_started":253,"total_sessions_completed":246,"total_sessions_error":0,"queued":2,"min_latency":18,"max_latency":3691}

{"start_time":1305924887618,"one_sec_start":1305924956689,"one_sec_pkt_ct":20,"sent":1150,"received":1147,"in_progress":3,"errors":0,"sessions":8,"total_sessions_started":292,"total_sessions_completed":284,"total_sessions_error":0,"queued":5,"min_latency":18,"max_latency":3691}

{"start_time":1305924887618,"one_sec_start":1305924967045,"one_sec_pkt_ct":20,"sent":1328,"received":1320,"in_progress":8,"errors":0,"sessions":10,"total_sessions_started":335,"total_sessions_completed":325,"total_sessions_error":0,"queued":2,"min_latency":18,"max_latency":3691}

{"start_time":1305924887618,"one_sec_start":1305924976660,"one_sec_pkt_ct":20,"sent":1468,"received":1464,"in_progress":4,"errors":0,"sessions":7,"total_sessions_started":371,"total_sessions_completed":364,"total_sessions_error":0,"queued":3,"min_latency":17,"max_latency":3691}

{"start_time":1305924887618,"one_sec_start":1305924986487,"one_sec_pkt_ct":20,"sent":1628,"received":1621,"in_progress":7,"errors":0,"sessions":8,"total_sessions_started":419,"total_sessions_completed":411,"total_sessions_error":0,"queued":1,"min_latency":17,"max_latency":3691}

{"start_time":1305924887618,"one_sec_start":1305924997475,"one_sec_pkt_ct":2,"sent":1782,"received":1772,"in_progress":10,"errors":0,"sessions":13,"total_sessions_started":463,"total_sessions_completed":450,"total_sessions_error":0,"queued":3,"min_latency":17,"max_latency":3691}

{"start_time":1305924887618,"one_sec_start":1305925007045,"one_sec_pkt_ct":20,"sent":1953,"received":1945,"in_progress":8,"errors":0,"sessions":10,"total_sessions_started":496,"total_sessions_completed":486,"total_sessions_error":0,"queued":2,"min_latency":17,"max_latency":3691}

{"start_time":1305924887618,"one_sec_start":1305925016286,"one_sec_pkt_ct":20,"sent":2106,"received":2103,"in_progress":3,"errors":0,"sessions":5,"total_sessions_started":536,"total_sessions_completed":531,"total_sessions_error":0,"queued":2,"min_latency":17,"max_latency":3691}

{"start_time":1305924887618,"one_sec_start":1305925027256,"one_sec_pkt_ct":7,"sent":2253,"received":2245,"in_progress":8,"errors":0,"sessions":8,"total_sessions_started":575,"total_sessions_completed":567,"total_sessions_error":0,"queued":0,"min_latency":17,"max_latency":3691}

{"start_time":1305924887618,"one_sec_start":1305925037505,"one_sec_pkt_ct":4,"sent":2410,"received":2407,"in_progress":3,"errors":0,"sessions":4,"total_sessions_started":613,"total_sessions_completed":609,"total_sessions_error":0,"queued":1,"min_latency":17,"max_latency":3691}

{"start_time":1305924887618,"one_sec_start":1305925047552,"one_sec_pkt_ct":1,"sent":2565,"received":2561,"in_progress":4,"errors":0,"sessions":8,"total_sessions_started":652,"total_sessions_completed":644,"total_sessions_error":0,"queued":4,"min_latency":17,"max_latency":3691}

{"start_time":1305924887618,"one_sec_start":1305925057532,"one_sec_pkt_ct":4,"sent":2728,"received":2717,"in_progress":11,"errors":0,"sessions":11,"total_sessions_started":689,"total_sessions_completed":678,"total_sessions_error":0,"queued":0,"min_latency":17,"max_latency":3691}

{"start_time":1305924887618,"one_sec_start":1305925066930,"one_sec_pkt_ct":20,"sent":2896,"received":2885,"in_progress":11,"errors":0,"sessions":12,"total_sessions_started":731,"total_sessions_completed":719,"total_sessions_error":0,"queued":1,"min_latency":17,"max_latency":3951}

{"start_time":1305924887618,"one_sec_start":1305925077552,"one_sec_pkt_ct":2,"sent":3056,"received":3047,"in_progress":9,"errors":0,"sessions":10,"total_sessions_started":768,"total_sessions_completed":758,"total_sessions_error":0,"queued":1,"min_latency":17,"max_latency":3951}

{"start_time":1305924887618,"one_sec_start":1305925087196,"one_sec_pkt_ct":10,"sent":3223,"received":3217,"in_progress":6,"errors":0,"sessions":8,"total_sessions_started":811,"total_sessions_completed":803,"total_sessions_error":0,"queued":2,"min_latency":17,"max_latency":4367}

{"start_time":1305924887618,"one_sec_start":1305925096878,"one_sec_pkt_ct":20,"sent":3373,"received":3362,"in_progress":11,"errors":0,"sessions":13,"total_sessions_started":857,"total_sessions_completed":844,"total_sessions_error":0,"queued":2,"min_latency":17,"max_latency":4367}

{"start_time":1305924887618,"one_sec_start":1305925107555,"one_sec_pkt_ct":1,"sent":3514,"received":3500,"in_progress":14,"errors":0,"sessions":15,"total_sessions_started":894,"total_sessions_completed":879,"total_sessions_error":0,"queued":1,"min_latency":17,"max_latency":4367}

{"start_time":1305924887618,"one_sec_start":1305925116545,"one_sec_pkt_ct":20,"sent":3691,"received":3683,"in_progress":8,"errors":0,"sessions":9,"total_sessions_started":930,"total_sessions_completed":921,"total_sessions_error":0,"queued":1,"min_latency":17,"max_latency":4367}

{"start_time":1305924887618,"one_sec_start":1305925127507,"one_sec_pkt_ct":4,"sent":3869,"received":3856,"in_progress":13,"errors":0,"sessions":16,"total_sessions_started":974,"total_sessions_completed":958,"total_sessions_error":0,"queued":3,"min_latency":17,"max_latency":5408}

{"start_time":1305924887618,"one_sec_start":1305925137363,"one_sec_pkt_ct":3,"sent":4045,"received":4034,"in_progress":11,"errors":0,"sessions":13,"total_sessions_started":1016,"total_sessions_completed":1003,"total_sessions_error":0,"queued":2,"min_latency":17,"max_latency":5629}

{"start_time":1305924887618,"one_sec_start":1305925146949,"one_sec_pkt_ct":12,"sent":4212,"received":4198,"in_progress":14,"errors":0,"sessions":16,"total_sessions_started":1063,"total_sessions_completed":1047,"total_sessions_error":0,"queued":2,"min_latency":17,"max_latency":5629}

{"start_time":1305924887618,"one_sec_start":1305925157342,"one_sec_pkt_ct":7,"sent":4402,"received":4381,"in_progress":21,"errors":0,"sessions":25,"total_sessions_started":1118,"total_sessions_completed":1093,"total_sessions_error":0,"queued":4,"min_latency":17,"max_latency":5629}

{"start_time":1305924887618,"one_sec_start":1305925166991,"one_sec_pkt_ct":20,"sent":4567,"received":4557,"in_progress":10,"errors":0,"sessions":15,"total_sessions_started":1147,"total_sessions_completed":1132,"total_sessions_error":0,"queued":5,"min_latency":17,"max_latency":23367}

{"start_time":1305924887618,"one_sec_start":1305925176679,"one_sec_pkt_ct":20,"sent":4719,"received":4713,"in_progress":6,"errors":0,"sessions":8,"total_sessions_started":1176,"total_sessions_completed":1168,"total_sessions_error":0,"queued":2,"min_latency":17,"max_latency":23367}

{"start_time":1305924887618,"one_sec_start":1305925187214,"one_sec_pkt_ct":6,"sent":4877,"received":4866,"in_progress":11,"errors":0,"sessions":13,"total_sessions_started":1218,"total_sessions_completed":1205,"total_sessions_error":0,"queued":2,"min_latency":17,"max_latency":23367}

{"start_time":1305924887618,"one_sec_start":1305925196713,"one_sec_pkt_ct":20,"sent":5066,"received":5048,"in_progress":18,"errors":1,"sessions":20,"total_sessions_started":1268,"total_sessions_completed":1247,"total_sessions_error":1,"queued":2,"min_latency":17,"max_latency":60052}

{"start_time":1305924887618,"one_sec_start":1305925206715,"one_sec_pkt_ct":8,"sent":5230,"received":5229,"in_progress":1,"errors":2,"sessions":2,"total_sessions_started":1298,"total_sessions_completed":1294,"total_sessions_error":2,"queued":1,"min_latency":17,"max_latency":60052}

{"start_time":1305924887618,"one_sec_start":1305925216787,"one_sec_pkt_ct":20,"sent":5409,"received":5388,"in_progress":21,"errors":2,"sessions":26,"total_sessions_started":1356,"total_sessions_completed":1328,"total_sessions_error":2,"queued":5,"min_latency":17,"max_latency":60052}

{"start_time":1305924887618,"one_sec_start":1305925226627,"one_sec_pkt_ct":20,"sent":5580,"received":5563,"in_progress":17,"errors":2,"sessions":20,"total_sessions_started":1391,"total_sessions_completed":1369,"total_sessions_error":2,"queued":3,"min_latency":17,"max_latency":60052}

{"start_time":1305924887618,"one_sec_start":1305925236998,"one_sec_pkt_ct":13,"sent":5758,"received":5741,"in_progress":17,"errors":2,"sessions":20,"total_sessions_started":1436,"total_sessions_completed":1414,"total_sessions_error":2,"queued":3,"min_latency":17,"max_latency":60052}

{"start_time":1305924887618,"one_sec_start":1305925246750,"one_sec_pkt_ct":20,"sent":5932,"received":5918,"in_progress":14,"errors":2,"sessions":18,"total_sessions_started":1479,"total_sessions_completed":1459,"total_sessions_error":2,"queued":4,"min_latency":17,"max_latency":60052}

{"start_time":1305924887618,"one_sec_start":1305925257072,"one_sec_pkt_ct":3,"sent":6094,"received":6085,"in_progress":9,"errors":2,"sessions":12,"total_sessions_started":1511,"total_sessions_completed":1497,"total_sessions_error":2,"queued":3,"min_latency":17,"max_latency":60052}

{"start_time":1305924887618,"one_sec_start":1305925267159,"one_sec_pkt_ct":10,"sent":6271,"received":6252,"in_progress":19,"errors":2,"sessions":22,"total_sessions_started":1562,"total_sessions_completed":1538,"total_sessions_error":2,"queued":3,"min_latency":17,"max_latency":60052}

{"start_time":1305924887618,"one_sec_start":1305925276710,"one_sec_pkt_ct":17,"sent":6447,"received":6431,"in_progress":16,"errors":2,"sessions":16,"total_sessions_started":1599,"total_sessions_completed":1581,"total_sessions_error":2,"queued":0,"min_latency":17,"max_latency":60052}

{"start_time":1305924887618,"one_sec_start":1305925286533,"one_sec_pkt_ct":20,"sent":6607,"received":6591,"in_progress":16,"errors":2,"sessions":20,"total_sessions_started":1648,"total_sessions_completed":1626,"total_sessions_error":2,"queued":4,"min_latency":17,"max_latency":60052}

{"start_time":1305924887618,"one_sec_start":1305925297083,"one_sec_pkt_ct":2,"sent":6769,"received":6753,"in_progress":16,"errors":2,"sessions":19,"total_sessions_started":1692,"total_sessions_completed":1671,"total_sessions_error":2,"queued":3,"min_latency":17,"max_latency":60052}

{"start_time":1305924887618,"one_sec_start":1305925307405,"one_sec_pkt_ct":7,"sent":6949,"received":6930,"in_progress":19,"errors":2,"sessions":22,"total_sessions_started":1738,"total_sessions_completed":1714,"total_sessions_error":2,"queued":3,"min_latency":17,"max_latency":60052}

{"start_time":1305924887618,"one_sec_start":1305925316902,"one_sec_pkt_ct":5,"sent":7111,"received":7080,"in_progress":31,"errors":2,"sessions":31,"total_sessions_started":1785,"total_sessions_completed":1752,"total_sessions_error":2,"queued":0,"min_latency":17,"max_latency":60052}

{"start_time":1305924887618,"one_sec_start":1305925327540,"one_sec_pkt_ct":3,"sent":7302,"received":7275,"in_progress":27,"errors":2,"sessions":33,"total_sessions_started":1831,"total_sessions_completed":1796,"total_sessions_error":2,"queued":6,"min_latency":17,"max_latency":60052}

{"start_time":1305924887618,"one_sec_start":1305925336928,"one_sec_pkt_ct":11,"sent":7475,"received":7453,"in_progress":22,"errors":2,"sessions":23,"total_sessions_started":1868,"total_sessions_completed":1843,"total_sessions_error":2,"queued":1,"min_latency":17,"max_latency":60052}

{"start_time":1305924887618,"one_sec_start":1305925347247,"one_sec_pkt_ct":7,"sent":7658,"received":7634,"in_progress":24,"errors":2,"sessions":30,"total_sessions_started":1918,"total_sessions_completed":1886,"total_sessions_error":2,"queued":6,"min_latency":17,"max_latency":60052}

{"start_time":1305924887618,"one_sec_start":1305925356837,"one_sec_pkt_ct":7,"sent":7826,"received":7790,"in_progress":36,"errors":2,"sessions":37,"total_sessions_started":1963,"total_sessions_completed":1924,"total_sessions_error":2,"queued":0,"min_latency":17,"max_latency":60052}

{"start_time":1305924887618,"one_sec_start":1305925367394,"one_sec_pkt_ct":6,"sent":8000,"received":7933,"in_progress":67,"errors":2,"sessions":75,"total_sessions_started":2027,"total_sessions_completed":1950,"total_sessions_error":2,"queued":8,"min_latency":17,"max_latency":60052}

{"start_time":1305924887618,"one_sec_start":1305925377151,"one_sec_pkt_ct":4,"sent":8148,"received":8063,"in_progress":85,"errors":22,"sessions":87,"total_sessions_started":2085,"total_sessions_completed":1976,"total_sessions_error":22,"queued":2,"min_latency":17,"max_latency":60052}

{"start_time":1305924887618,"one_sec_start":1305925387490,"one_sec_pkt_ct":7,"sent":8301,"received":8223,"in_progress":78,"errors":55,"sessions":78,"total_sessions_started":2155,"total_sessions_completed":2022,"total_sessions_error":55,"queued":0,"min_latency":17,"max_latency":60052}

